Archive member included to satisfy reference by file (symbol)

C:/ST/STM32CubeIDE_1.13.1/STM32CubeIDE/plugins/com.st.stm32cube.ide.mcu.externaltools.gnu-tools-for-stm32.12.3.rel1.win32_1.0.100.202403111256/tools/bin/../lib/gcc/arm-none-eabi/12.3.1/../../../../arm-none-eabi/lib/thumb/v7e-m+fp/hard\libc_nano.a(libc_a-exit.o)
                              C:/ST/STM32CubeIDE_1.13.1/STM32CubeIDE/plugins/com.st.stm32cube.ide.mcu.externaltools.gnu-tools-for-stm32.12.3.rel1.win32_1.0.100.202403111256/tools/bin/../lib/gcc/arm-none-eabi/12.3.1/../../../../arm-none-eabi/lib/thumb/v7e-m+fp/hard/crt0.o (exit)
C:/ST/STM32CubeIDE_1.13.1/STM32CubeIDE/plugins/com.st.stm32cube.ide.mcu.externaltools.gnu-tools-for-stm32.12.3.rel1.win32_1.0.100.202403111256/tools/bin/../lib/gcc/arm-none-eabi/12.3.1/../../../../arm-none-eabi/lib/thumb/v7e-m+fp/hard\libc_nano.a(libc_a-findfp.o)
                              C:/ST/STM32CubeIDE_1.13.1/STM32CubeIDE/plugins/com.st.stm32cube.ide.mcu.externaltools.gnu-tools-for-stm32.12.3.rel1.win32_1.0.100.202403111256/tools/bin/../lib/gcc/arm-none-eabi/12.3.1/../../../../arm-none-eabi/lib/thumb/v7e-m+fp/hard\libc_nano.a(libc_a-exit.o) (__stdio_exit_handler)
C:/ST/STM32CubeIDE_1.13.1/STM32CubeIDE/plugins/com.st.stm32cube.ide.mcu.externaltools.gnu-tools-for-stm32.12.3.rel1.win32_1.0.100.202403111256/tools/bin/../lib/gcc/arm-none-eabi/12.3.1/../../../../arm-none-eabi/lib/thumb/v7e-m+fp/hard\libc_nano.a(libc_a-fwalk.o)
                              C:/ST/STM32CubeIDE_1.13.1/STM32CubeIDE/plugins/com.st.stm32cube.ide.mcu.externaltools.gnu-tools-for-stm32.12.3.rel1.win32_1.0.100.202403111256/tools/bin/../lib/gcc/arm-none-eabi/12.3.1/../../../../arm-none-eabi/lib/thumb/v7e-m+fp/hard\libc_nano.a(libc_a-findfp.o) (_fwalk_sglue)
C:/ST/STM32CubeIDE_1.13.1/STM32CubeIDE/plugins/com.st.stm32cube.ide.mcu.externaltools.gnu-tools-for-stm32.12.3.rel1.win32_1.0.100.202403111256/tools/bin/../lib/gcc/arm-none-eabi/12.3.1/../../../../arm-none-eabi/lib/thumb/v7e-m+fp/hard\libc_nano.a(libc_a-sprintf.o)
                              ./Core/Src/input_processing.o (sprintf)
C:/ST/STM32CubeIDE_1.13.1/STM32CubeIDE/plugins/com.st.stm32cube.ide.mcu.externaltools.gnu-tools-for-stm32.12.3.rel1.win32_1.0.100.202403111256/tools/bin/../lib/gcc/arm-none-eabi/12.3.1/../../../../arm-none-eabi/lib/thumb/v7e-m+fp/hard\libc_nano.a(libc_a-sscanf.o)
                              ./Core/Src/main.o (sscanf)
C:/ST/STM32CubeIDE_1.13.1/STM32CubeIDE/plugins/com.st.stm32cube.ide.mcu.externaltools.gnu-tools-for-stm32.12.3.rel1.win32_1.0.100.202403111256/tools/bin/../lib/gcc/arm-none-eabi/12.3.1/../../../../arm-none-eabi/lib/thumb/v7e-m+fp/hard\libc_nano.a(libc_a-stdio.o)
                              C:/ST/STM32CubeIDE_1.13.1/STM32CubeIDE/plugins/com.st.stm32cube.ide.mcu.externaltools.gnu-tools-for-stm32.12.3.rel1.win32_1.0.100.202403111256/tools/bin/../lib/gcc/arm-none-eabi/12.3.1/../../../../arm-none-eabi/lib/thumb/v7e-m+fp/hard\libc_nano.a(libc_a-findfp.o) (__sread)
C:/ST/STM32CubeIDE_1.13.1/STM32CubeIDE/plugins/com.st.stm32cube.ide.mcu.externaltools.gnu-tools-for-stm32.12.3.rel1.win32_1.0.100.202403111256/tools/bin/../lib/gcc/arm-none-eabi/12.3.1/../../../../arm-none-eabi/lib/thumb/v7e-m+fp/hard\libc_nano.a(libc_a-memset.o)
                              C:/ST/STM32CubeIDE_1.13.1/STM32CubeIDE/plugins/com.st.stm32cube.ide.mcu.externaltools.gnu-tools-for-stm32.12.3.rel1.win32_1.0.100.202403111256/tools/bin/../lib/gcc/arm-none-eabi/12.3.1/../../../../arm-none-eabi/lib/thumb/v7e-m+fp/hard/crt0.o (memset)
C:/ST/STM32CubeIDE_1.13.1/STM32CubeIDE/plugins/com.st.stm32cube.ide.mcu.externaltools.gnu-tools-for-stm32.12.3.rel1.win32_1.0.100.202403111256/tools/bin/../lib/gcc/arm-none-eabi/12.3.1/../../../../arm-none-eabi/lib/thumb/v7e-m+fp/hard\libc_nano.a(libc_a-closer.o)
                              C:/ST/STM32CubeIDE_1.13.1/STM32CubeIDE/plugins/com.st.stm32cube.ide.mcu.externaltools.gnu-tools-for-stm32.12.3.rel1.win32_1.0.100.202403111256/tools/bin/../lib/gcc/arm-none-eabi/12.3.1/../../../../arm-none-eabi/lib/thumb/v7e-m+fp/hard\libc_nano.a(libc_a-stdio.o) (_close_r)
C:/ST/STM32CubeIDE_1.13.1/STM32CubeIDE/plugins/com.st.stm32cube.ide.mcu.externaltools.gnu-tools-for-stm32.12.3.rel1.win32_1.0.100.202403111256/tools/bin/../lib/gcc/arm-none-eabi/12.3.1/../../../../arm-none-eabi/lib/thumb/v7e-m+fp/hard\libc_nano.a(libc_a-reent.o)
                              C:/ST/STM32CubeIDE_1.13.1/STM32CubeIDE/plugins/com.st.stm32cube.ide.mcu.externaltools.gnu-tools-for-stm32.12.3.rel1.win32_1.0.100.202403111256/tools/bin/../lib/gcc/arm-none-eabi/12.3.1/../../../../arm-none-eabi/lib/thumb/v7e-m+fp/hard\libc_nano.a(libc_a-closer.o) (errno)
C:/ST/STM32CubeIDE_1.13.1/STM32CubeIDE/plugins/com.st.stm32cube.ide.mcu.externaltools.gnu-tools-for-stm32.12.3.rel1.win32_1.0.100.202403111256/tools/bin/../lib/gcc/arm-none-eabi/12.3.1/../../../../arm-none-eabi/lib/thumb/v7e-m+fp/hard\libc_nano.a(libc_a-impure.o)
[...]
Memory Configuration

Name             Origin             Length             Attributes
CCMRAM           0x10000000         0x00010000         xrw
RAM              0x20000000         0x00020000         xrw
FLASH            0x08000000         0x00100000         xr
*default*        0x00000000         0xffffffff

Linker script and memory map

LOAD C:/ST/STM32CubeIDE_1.13.1/STM32CubeIDE/plugins/com.st.stm32cube.ide.mcu.externaltools.gnu-tools-for-stm32.12.3.rel1.win32_1.0.100.202403111256/tools/bin/../lib/gcc/arm-none-eabi/12.3.1/thumb/v7e-m+fp/hard/crti.o
LOAD C:/ST/STM32CubeIDE_1.13.1/STM32CubeIDE/plugins/com.st.stm32cube.ide.mcu.externaltools.gnu-tools-for-stm32.12.3.rel1.win32_1.0.100.202403111256/tools/bin/../lib/gcc/arm-none-eabi/12.3.1/thumb/v7e-m+fp/hard/crtbegin.o
LOAD C:/ST/STM32CubeIDE_1.13.1/STM32CubeIDE/plugins/com.st.stm32cube.ide.mcu.externaltools.gnu-tools-for-stm32.12.3.rel1.win32_1.0.100.202403111256/tools/bin/../lib/gcc/arm-none-eabi/12.3.1/../../../../arm-none-eabi/lib/thumb/v7e-m+fp/hard/crt0.o
LOAD ./Core/Src/fsm_automatic.o
LOAD ./Core/Src/fsm_manual.o
LOAD ./Core/Src/global.o
LOAD ./Core/Src/input_processing.o
LOAD ./Core/Src/input_reading.o
LOAD ./Core/Src/main.o
LOAD ./Core/Src/scheduler.o
LOAD ./Core/Src/stm32f4xx_hal_msp.o
LOAD ./Core/Src/stm32f4xx_it.o
LOAD ./Core/Src/syscalls.o
LOAD ./Core/Src/sysmem.o
LOAD ./Core/Src/system_stm32f4xx.o
LOAD ./Core/Src/timer.o
LOAD ./Core/Src/wake.o
LOAD ./Core/Startup/startup_stm32f407vgtx.o
LOAD ./Drivers/STM32F4xx_HAL_Driver/Src/stm32f4xx_hal.o
LOAD ./Drivers/STM32F4xx_HAL_Driver/Src/stm32f4xx_hal_cortex.o
LOAD ./Drivers/STM32F4xx_HAL_Driver/Src/stm32f4xx_hal_dma.o
LOAD ./Drivers/STM32F4xx_HAL_Driver/Src/stm32f4xx_hal_dma_ex.o
LOAD ./Drivers/STM32F4xx_HAL_Driver/Src/stm32f4xx_hal_exti.o
LOAD ./Drivers/STM32F4xx_HAL_Driver/Src/stm32f4xx_hal_flash.o
LOAD ./Drivers/STM32F4xx_HAL_Driver/Src/stm32f4xx_hal_flash_ex.o
LOAD ./Drivers/STM32F4xx_HAL_Driver/Src/stm32f4xx_hal_flash_ramfunc.o
LOAD ./Drivers/STM32F4xx_HAL_Driver/Src/stm32f4xx_hal_gpio.o
LOAD ./Drivers/STM32F4xx_HAL_Driver/Src/stm32f4xx_hal_pwr.o
LOAD ./Drivers/STM32F4xx_HAL_Driver/Src/stm32f4xx_hal_pwr_ex.o
LOAD ./Drivers/STM32F4xx_HAL_Driver/Src/stm32f4xx_hal_rcc.o
LOAD ./Drivers/STM32F4xx_HAL_Driver/Src/stm32f4xx_hal_rcc_ex.o
LOAD ./Drivers/STM32F4xx_HAL_Driver/Src/stm32f4xx_hal_tim.o
LOAD ./Drivers/STM32F4xx_HAL_Driver/Src/stm32f4xx_hal_tim_ex.o
LOAD ./Drivers/STM32F4xx_HAL_Driver/Src/stm32f4xx_hal_uart.o
START GROUP
LOAD C:/ST/STM32CubeIDE_1.13.1/STM32CubeIDE/plugins/com.st.stm32cube.ide.mcu.externaltools.gnu-tools-for-stm32.12.3.rel1.win32_1.0.100.202403111256/tools/bin/../lib/gcc/arm-none-eabi/12.3.1/../../../../arm-none-eabi/lib/thumb/v7e-m+fp/hard\libc_nano.a
LOAD C:/ST/STM32CubeIDE_1.13.1/STM32CubeIDE/plugins/com.st.stm32cube.ide.mcu.externaltools.gnu-tools-for-stm32.12.3.rel1.win32_1.0.100.202403111256/tools/bin/../lib/gcc/arm-none-eabi/12.3.1/../../../../arm-none-eabi/lib/thumb/v7e-m+fp/hard\libm.a
END GROUP
START GROUP
LOAD C:/ST/STM32CubeIDE_1.13.1/STM32CubeIDE/plugins/com.st.stm32cube.ide.mcu.externaltools.gnu-tools-for-stm32.12.3.rel1.win32_1.0.100.202403111256/tools/bin/../lib/gcc/arm-none-eabi/12.3.1/thumb/v7e-m+fp/hard\libgcc.a
LOAD C:/ST/STM32CubeIDE_1.13.1/STM32CubeIDE/plugins/com.st.stm32cube.ide.mcu.externaltools.gnu-tools-for-stm32.12.3.rel1.win32_1.0.100.202403111256/tools/bin/../lib/gcc/arm-none-eabi/12.3.1/../../../../arm-none-eabi/lib/thumb/v7e-m+fp/hard\libc_nano.a
END GROUP
START GROUP
LOAD C:/ST/STM32CubeIDE_1.13.1/STM32CubeIDE/plugins/com.st.stm32cube.ide.mcu.externaltools.gnu-tools-for-stm32.12.3.rel1.win32_1.0.100.202403111256/tools/bin/../lib/gcc/arm-none-eabi/12.3.1/thumb/v7e-m+fp/hard\libgcc.a
LOAD C:/ST/STM32CubeIDE_1.13.1/STM32CubeIDE/plugins/com.st.stm32cube.ide.mcu.externaltools.gnu-tools-for-stm32.12.3.rel1.win32_1.0.100.202403111256/tools/bin/../lib/gcc/arm-none-eabi/12.3.1/../../../../arm-none-eabi/lib/thumb/v7e-m+fp/hard\libc_nano.a
LOAD C:/ST/STM32CubeIDE_1.13.1/STM32CubeIDE/plugins/com.st.stm32cube.ide.mcu.externaltools.gnu-tools-for-stm32.12.3.rel1.win32_1.0.100.202403111256/tools/bin/../lib/gcc/arm-none-eabi/12.3.1/../../../../arm-none-eabi/lib/thumb/v7e-m+fp/hard\libnosys.a
END GROUP
START GROUP
LOAD C:/ST/STM32CubeIDE_1.13.1/STM32CubeIDE/plugins/com.st.stm32cube.ide.mcu.externaltools.gnu-tools-for-stm32.12.3.rel1.win32_1.0.100.202403111256/tools/bin/../lib/gcc/arm-none-eabi/12.3.1/thumb/v7e-m+fp/hard\libgcc.a
LOAD C:/ST/STM32CubeIDE_1.13.1/STM32CubeIDE/plugins/com.st.stm32cube.ide.mcu.externaltools.gnu-tools-for-stm32.12.3.rel1.win32_1.0.100.202403111256/tools/bin/../lib/gcc/arm-none-eabi/12.3.1/../../../../arm-none-eabi/lib/thumb/v7e-m+fp/hard\libc_nano.a
LOAD C:/ST/STM32CubeIDE_1.13.1/STM32CubeIDE/plugins/com.st.stm32cube.ide.mcu.externaltools.gnu-tools-for-stm32.12.3.rel1.win32_1.0.100.202403111256/tools/bin/../lib/gcc/arm-none-eabi/12.3.1/../../../../arm-none-eabi/lib/thumb/v7e-m+fp/hard\libnosys.a
END GROUP
LOAD C:/ST/STM32CubeIDE_1.13.1/STM32CubeIDE/plugins/com.st.stm32cube.ide.mcu.externaltools.gnu-tools-for-stm32.12.3.rel1.win32_1.0.100.202403111256/tools/bin/../lib/gcc/arm-none-eabi/12.3.1/thumb/v7e-m+fp/hard/crtend.o
LOAD C:/ST/STM32CubeIDE_1.13.1/STM32CubeIDE/plugins/com.st.stm32cube.ide.mcu.externaltools.gnu-tools-for-stm32.12.3.rel1.win32_1.0.100.202403111256/tools/bin/../lib/gcc/arm-none-eabi/12.3.1/thumb/v7e-m+fp/hard/crtn.o
                0x20020000                        _estack = (ORIGIN (RAM) + LENGTH (RAM))
                0x00000200                        _Min_Heap_Size = 0x200
                0x00000400                        _Min_Stack_Size = 0x400

.isr_vector     0x08000000      0x188
                0x08000000                        . = ALIGN (0x4)
 *(.isr_vector)
 .isr_vector    0x08000000      0x188 ./Core/Startup/startup_stm32f407vgtx.o
                0x08000000                g_pfnVectors
                0x08000188                        . = ALIGN (0x4)

.text           0x08000190     0x5d44
                0x08000190                        . = ALIGN (0x4)
 *(.text)
 .text          0x08000190       0x40 C:/ST/STM32CubeIDE_1.13.1/STM32CubeIDE/plugins/com.st.stm32cube.ide.mcu.externaltools.gnu-tools-for-stm32.12.3.rel1.win32_1.0.100.202403111256/tools/bin/../lib/gcc/arm-none-eabi/12.3.1/thumb/v7e-m+fp/hard/crtbegin.o
 .text          0x080001d0       0x10 C:/ST/STM32CubeIDE_1.13.1/STM32CubeIDE/plugins/com.st.stm32cube.ide.mcu.externaltools.gnu-tools-for-stm32.12.3.rel1.win32_1.0.100.202403111256/tools/bin/../lib/gcc/arm-none-eabi/12.3.1/../../../../arm-none-eabi/lib/thumb/v7e-m+fp/hard\libc_nano.a(libc_a-strlen.o)
                0x080001d0                strlen
 .text          0x080001e0       0xa0 C:/ST/STM32CubeIDE_1.13.1/STM32CubeIDE/plugins/com.st.stm32cube.ide.mcu.externaltools.gnu-tools-for-stm32.12.3.rel1.win32_1.0.100.202403111256/tools/bin/../lib/gcc/arm-none-eabi/12.3.1/../../../../arm-none-eabi/lib/thumb/v7e-m+fp/hard\libc_nano.a(libc_a-memchr.o)
                0x080001e0                memchr
 .text          0x08000280       0x30 C:/ST/STM32CubeIDE_1.13.1/STM32CubeIDE/plugins/com.st.stm32cube.ide.mcu.externaltools.gnu-tools-for-stm32.12.3.rel1.win32_1.0.100.202403111256/tools/bin/../lib/gcc/arm-none-eabi/12.3.1/thumb/v7e-m+fp/hard\libgcc.a(_aeabi_uldivmod.o)
                0x08000280                __aeabi_uldivmod
 .text          0x080002b0      0x2bc C:/ST/STM32CubeIDE_1.13.1/STM32CubeIDE/plugins/com.st.stm32cube.ide.mcu.externaltools.gnu-tools-for-stm32.12.3.rel1.win32_1.0.100.202403111256/tools/bin/../lib/gcc/arm-none-eabi/12.3.1/thumb/v7e-m+fp/hard\libgcc.a(_udivmoddi4.o)
                0x080002b0                __udivmoddi4
 .text          0x0800056c        0x4 C:/ST/STM32CubeIDE_1.13.1/STM32CubeIDE/plugins/com.st.stm32cube.ide.mcu.externaltools.gnu-tools-for-stm32.12.3.rel1.win32_1.0.100.202403111256/tools/bin/../lib/gcc/arm-none-eabi/12.3.1/thumb/v7e-m+fp/hard\libgcc.a(_dvmd_tls.o)
                0x0800056c                __aeabi_idiv0
                0x0800056c                __aeabi_ldiv0
 *(.text*)
 .text.fsm_automatic
                0x08000570      0x1a0 ./Core/Src/fsm_automatic.o
                0x08000570                fsm_automatic
 .text.fsm_red_manual
                0x08000710       0x70 ./Core/Src/fsm_manual.o
                0x08000710                fsm_red_manual
 .text.fsm_amber_manual
                0x08000780       0x70 ./Core/Src/fsm_manual.o
                0x08000780                fsm_amber_manual
 .text.fsm_green_manual
                0x080007f0       0x70 ./Core/Src/fsm_manual.o
                0x080007f0                fsm_green_manual
 .text.led_config
                0x08000860       0xac ./Core/Src/global.o
                0x08000860                led_config
 .text.off_all_leds_road_1
                0x0800090c       0x2c ./Core/Src/global.o
                0x0800090c                off_all_leds_road_1
 .text.off_all_leds_road_2
                0x08000938       0x30 ./Core/Src/global.o
                0x08000938                off_all_leds_road_2
 .text.on_red_road_1
                0x08000968       0x2c ./Core/Src/global.o
                0x08000968                on_red_road_1
 .text.on_red_road_2
                0x08000994       0x30 ./Core/Src/global.o
                0x08000994                on_red_road_2
 .text.on_yellow_road_1
                0x080009c4       0x2c ./Core/Src/global.o
                0x080009c4                on_yellow_road_1
 .text.on_yellow_road_2
                0x080009f0       0x30 ./Core/Src/global.o
                0x080009f0                on_yellow_road_2
 .text.on_green_road_1
                0x08000a20       0x2c ./Core/Src/global.o
                0x08000a20                on_green_road_1
 .text.on_green_road_2
                0x08000a4c       0x30 ./Core/Src/global.o
                0x08000a4c                on_green_road_2
 .text.toggle_red
                0x08000a7c       0x34 ./Core/Src/global.o
                0x08000a7c                toggle_red
 .text.toggle_yellow
                0x08000ab0       0x34 ./Core/Src/global.o
                0x08000ab0                toggle_yellow
 .text.toggle_green
                0x08000ae4       0x34 ./Core/Src/global.o
                0x08000ae4                toggle_green
 .text.fsm_button_processing
                0x08000b18      0x420 ./Core/Src/input_processing.o
                0x08000b18                fsm_button_processing
 .text.button_reading
                0x08000f38       0xec ./Core/Src/input_reading.o
                0x08000f38                button_reading
 .text.is_button_pressed
                0x08001024       0x34 ./Core/Src/input_reading.o
                0x08001024                is_button_pressed
 .text.is_button_pressed_1s
                0x08001058       0x34 ./Core/Src/input_reading.o
                0x08001058                is_button_pressed_1s
 .text.HAL_UART_RxCpltCallback
                0x0800108c       0x50 ./Core/Src/main.o
                0x0800108c                HAL_UART_RxCpltCallback
 .text.main     0x080010dc       0xa4 ./Core/Src/main.o
                0x080010dc                main
 .text.SystemClock_Config
                0x08001180       0xd4 ./Core/Src/main.o
                0x08001180                SystemClock_Config
 .text.MX_TIM2_Init
                0x08001254       0x98 ./Core/Src/main.o
 .text.MX_USART2_UART_Init
                0x080012ec       0x54 ./Core/Src/main.o
 .text.MX_GPIO_Init
                0x08001340      0x2d8 ./Core/Src/main.o
 .text.HAL_TIM_PeriodElapsedCallback
                0x08001618       0x14 ./Core/Src/main.o
                0x08001618                HAL_TIM_PeriodElapsedCallback
 .text.Error_Handler
                0x0800162c        0xc ./Core/Src/main.o
                0x0800162c                Error_Handler
 .text.SCH_Update
                0x08001638       0x50 ./Core/Src/scheduler.o
                0x08001638                SCH_Update
 .text.SCH_Add_Task
                0x08001688      0x2ac ./Core/Src/scheduler.o
                0x08001688                SCH_Add_Task
 .text.SCH_Delete_Task
                0x08001934      0x1ec ./Core/Src/scheduler.o
                0x08001934                SCH_Delete_Task
 .text.SCH_Dispatch_Tasks
                0x08001b20       0x50 ./Core/Src/scheduler.o
                0x08001b20                SCH_Dispatch_Tasks
 .text.Get_New_Task_ID
                0x08001b70       0x34 ./Core/Src/scheduler.o
                0x08001b70                Get_New_Task_ID
 .text.HAL_MspInit
                0x08001ba4       0x50 ./Core/Src/stm32f4xx_hal_msp.o
                0x08001ba4                HAL_MspInit
 .text.HAL_TIM_Base_MspInit
                0x08001bf4       0x4c ./Core/Src/stm32f4xx_hal_msp.o
                0x08001bf4                HAL_TIM_Base_MspInit
 .text.HAL_UART_MspInit
                0x08001c40       0xa0 ./Core/Src/stm32f4xx_hal_msp.o
                0x08001c40                HAL_UART_MspInit
 .text.NMI_Handler
                0x08001ce0        0x8 ./Core/Src/stm32f4xx_it.o
                0x08001ce0                NMI_Handler
 .text.HardFault_Handler
                0x08001ce8        0x8 ./Core/Src/stm32f4xx_it.o
                0x08001ce8                HardFault_Handler
 .text.MemManage_Handler
                0x08001cf0        0x8 ./Core/Src/stm32f4xx_it.o
                0x08001cf0                MemManage_Handler
 .text.BusFault_Handler
                0x08001cf8        0x8 ./Core/Src/stm32f4xx_it.o
                0x08001cf8                BusFault_Handler
 .text.UsageFault_Handler
                0x08001d00        0x8 ./Core/Src/stm32f4xx_it.o
                0x08001d00                UsageFault_Handler
 .text.SVC_Handler
                0x08001d08        0xe ./Core/Src/stm32f4xx_it.o
                0x08001d08                SVC_Handler
 .text.DebugMon_Handler
                0x08001d16        0xe ./Core/Src/stm32f4xx_it.o
                0x08001d16                DebugMon_Handler
 .text.PendSV_Handler
                0x08001d24        0xe ./Core/Src/stm32f4xx_it.o
                0x08001d24                PendSV_Handler
 .text.SysTick_Handler
                0x08001d32        0xc ./Core/Src/stm32f4xx_it.o
                0x08001d32                SysTick_Handler
 *fill*         0x08001d3e        0x2 
 .text.TIM2_IRQHandler
                0x08001d40       0x14 ./Core/Src/stm32f4xx_it.o
                0x08001d40                TIM2_IRQHandler
 .text.USART2_IRQHandler
                0x08001d54       0x14 ./Core/Src/stm32f4xx_it.o
                0x08001d54                USART2_IRQHandler
 .text._sbrk    0x08001d68       0x6c ./Core/Src/sysmem.o
                0x08001d68                _sbrk
 .text.SystemInit
                0x08001dd4       0x24 ./Core/Src/system_stm32f4xx.o
                0x08001dd4                SystemInit
 .text.setTimer1
                0x08001df8       0x34 ./Core/Src/timer.o
                0x08001df8                setTimer1
 .text.setTimer4
                0x08001e2c       0x34 ./Core/Src/timer.o
                0x08001e2c                setTimer4
 .text.timer_run
                0x08001e60      0x128 ./Core/Src/timer.o
                0x08001e60                timer_run
 .text.__NVIC_EnableIRQ
                0x08001f88       0x3c ./Core/Src/wake.o
 .text.__NVIC_SetPriority
                0x08001fc4       0x54 ./Core/Src/wake.o
 .text.sleep_enter
                0x08002018       0x44 ./Core/Src/wake.o
                0x08002018                sleep_enter
 .text.exti_config_wake
                0x0800205c       0x4c ./Core/Src/wake.o
                0x0800205c                exti_config_wake
 .text.EXTI3_IRQHandler
                0x080020a8       0x24 ./Core/Src/wake.o
                0x080020a8                EXTI3_IRQHandler
 .text.Reset_Handler
                0x080020cc       0x50 ./Core/Startup/startup_stm32f407vgtx.o
                0x080020cc                Reset_Handler
 .text.Default_Handler
                0x0800211c        0x2 ./Core/Startup/startup_stm32f407vgtx.o
                0x0800211c                RTC_Alarm_IRQHandler
                0x0800211c                HASH_RNG_IRQHandler
                0x0800211c                EXTI2_IRQHandler
                0x0800211c                TIM8_CC_IRQHandler
                0x0800211c                TIM1_CC_IRQHandler
                0x0800211c                DMA2_Stream5_IRQHandler
                0x0800211c                DMA1_Stream5_IRQHandler
                0x0800211c                PVD_IRQHandler
                0x0800211c                SDIO_IRQHandler
                0x0800211c                TAMP_STAMP_IRQHandler
                0x0800211c                CAN2_RX1_IRQHandler
                0x0800211c                TIM8_TRG_COM_TIM14_IRQHandler
                0x0800211c                TIM1_UP_TIM10_IRQHandler
                0x0800211c                TIM8_UP_TIM13_IRQHandler
                0x0800211c                I2C3_ER_IRQHandler
                0x0800211c                EXTI0_IRQHandler
                0x0800211c                I2C2_EV_IRQHandler
                0x0800211c                DMA1_Stream2_IRQHandler
                0x0800211c                CAN1_RX0_IRQHandler
                0x0800211c                FPU_IRQHandler
                0x0800211c                OTG_HS_WKUP_IRQHandler
                0x0800211c                CAN2_SCE_IRQHandler
                0x0800211c                DMA2_Stream2_IRQHandler
                0x0800211c                SPI1_IRQHandler
                0x0800211c                TIM6_DAC_IRQHandler
                0x0800211c                TIM1_BRK_TIM9_IRQHandler
                0x0800211c                DCMI_IRQHandler
                0x0800211c                CAN2_RX0_IRQHandler
                0x0800211c                DMA2_Stream3_IRQHandler
                0x0800211c                USART6_IRQHandler
                0x0800211c                USART3_IRQHandler
                0x0800211c                CAN1_RX1_IRQHandler
                0x0800211c                UART5_IRQHandler
                0x0800211c                DMA2_Stream0_IRQHandler
                0x0800211c                TIM4_IRQHandler
                0x0800211c                I2C1_EV_IRQHandler
                0x0800211c                DMA1_Stream6_IRQHandler
                0x0800211c                DMA1_Stream1_IRQHandler
                0x0800211c                UART4_IRQHandler
                0x0800211c                TIM3_IRQHandler
                0x0800211c                RCC_IRQHandler
                0x0800211c                TIM8_BRK_TIM12_IRQHandler
                0x0800211c                Default_Handler
                0x0800211c                EXTI15_10_IRQHandler
                0x0800211c                ADC_IRQHandler
                0x0800211c                DMA1_Stream7_IRQHandler
                0x0800211c                TIM7_IRQHandler
                0x0800211c                CAN2_TX_IRQHandler
                0x0800211c                TIM5_IRQHandler
                0x0800211c                DMA2_Stream7_IRQHandler
                0x0800211c                I2C3_EV_IRQHandler
                0x0800211c                EXTI9_5_IRQHandler
                0x0800211c                RTC_WKUP_IRQHandler
                0x0800211c                ETH_WKUP_IRQHandler
                0x0800211c                SPI2_IRQHandler
                0x0800211c                OTG_HS_EP1_IN_IRQHandler
                0x0800211c                DMA1_Stream0_IRQHandler
                0x0800211c                CAN1_TX_IRQHandler
                0x0800211c                EXTI4_IRQHandler
                0x0800211c                FSMC_IRQHandler
                0x0800211c                ETH_IRQHandler
                0x0800211c                OTG_HS_EP1_OUT_IRQHandler
                0x0800211c                WWDG_IRQHandler
                0x0800211c                OTG_FS_WKUP_IRQHandler
                0x0800211c                TIM1_TRG_COM_TIM11_IRQHandler
                0x0800211c                OTG_HS_IRQHandler
                0x0800211c                EXTI1_IRQHandler
                0x0800211c                I2C2_ER_IRQHandler
                0x0800211c                DMA2_Stream1_IRQHandler
                0x0800211c                CAN1_SCE_IRQHandler
                0x0800211c                FLASH_IRQHandler
                0x0800211c                DMA2_Stream4_IRQHandler
                0x0800211c                USART1_IRQHandler
                0x0800211c                OTG_FS_IRQHandler
                0x0800211c                SPI3_IRQHandler
                0x0800211c                DMA1_Stream4_IRQHandler
                0x0800211c                I2C1_ER_IRQHandler
                0x0800211c                DMA2_Stream6_IRQHandler
                0x0800211c                DMA1_Stream3_IRQHandler
 *fill*         0x0800211e        0x2 
 .text.HAL_Init
                0x08002120       0x44 ./Drivers/STM32F4xx_HAL_Driver/Src/stm32f4xx_hal.o
                0x08002120                HAL_Init
 .text.HAL_InitTick
                0x08002164       0x60 ./Drivers/STM32F4xx_HAL_Driver/Src/stm32f4xx_hal.o
                0x08002164                HAL_InitTick
 .text.HAL_IncTick
                0x080021c4       0x28 ./Drivers/STM32F4xx_HAL_Driver/Src/stm32f4xx_hal.o
                0x080021c4                HAL_IncTick
 .text.HAL_GetTick
                0x080021ec       0x18 ./Drivers/STM32F4xx_HAL_Driver/Src/stm32f4xx_hal.o
                0x080021ec                HAL_GetTick
 .text.HAL_SuspendTick
                0x08002204       0x20 ./Drivers/STM32F4xx_HAL_Driver/Src/stm32f4xx_hal.o
                0x08002204                HAL_SuspendTick
 .text.HAL_ResumeTick
                0x08002224       0x20 ./Drivers/STM32F4xx_HAL_Driver/Src/stm32f4xx_hal.o
                0x08002224                HAL_ResumeTick
 .text.__NVIC_SetPriorityGrouping
                0x08002244       0x48 ./Drivers/STM32F4xx_HAL_Driver/Src/stm32f4xx_hal_cortex.o
 .text.__NVIC_GetPriorityGrouping
                0x0800228c       0x1c ./Drivers/STM32F4xx_HAL_Driver/Src/stm32f4xx_hal_cortex.o
 .text.__NVIC_EnableIRQ
                0x080022a8       0x3c ./Drivers/STM32F4xx_HAL_Driver/Src/stm32f4xx_hal_cortex.o
 .text.__NVIC_SetPriority
                0x080022e4       0x54 ./Drivers/STM32F4xx_HAL_Driver/Src/stm32f4xx_hal_cortex.o
 .text.NVIC_EncodePriority
                0x08002338       0x66 ./Drivers/STM32F4xx_HAL_Driver/Src/stm32f4xx_hal_cortex.o
 *fill*         0x0800239e        0x2 
 .text.SysTick_Config
                0x080023a0       0x44 ./Drivers/STM32F4xx_HAL_Driver/Src/stm32f4xx_hal_cortex.o
 .text.HAL_NVIC_SetPriorityGrouping
                0x080023e4       0x16 ./Drivers/STM32F4xx_HAL_Driver/Src/stm32f4xx_hal_cortex.o
                0x080023e4                HAL_NVIC_SetPriorityGrouping
 .text.HAL_NVIC_SetPriority
                0x080023fa       0x38 ./Drivers/STM32F4xx_HAL_Driver/Src/stm32f4xx_hal_cortex.o
                0x080023fa                HAL_NVIC_SetPriority
 .text.HAL_NVIC_EnableIRQ
                0x08002432       0x1c ./Drivers/STM32F4xx_HAL_Driver/Src/stm32f4xx_hal_cortex.o
                0x08002432                HAL_NVIC_EnableIRQ
 .text.HAL_SYSTICK_Config
                0x0800244e       0x18 ./Drivers/STM32F4xx_HAL_Driver/Src/stm32f4xx_hal_cortex.o
                0x0800244e                HAL_SYSTICK_Config
 .text.HAL_DMA_Abort
                0x08002466       0xe0 ./Drivers/STM32F4xx_HAL_Driver/Src/stm32f4xx_hal_dma.o
                0x08002466                HAL_DMA_Abort
 .text.HAL_DMA_Abort_IT
                0x08002546       0x44 ./Drivers/STM32F4xx_HAL_Driver/Src/stm32f4xx_hal_dma.o
                0x08002546                HAL_DMA_Abort_IT
 *fill*         0x0800258a        0x2 
 .text.HAL_GPIO_Init
                0x0800258c      0x338 ./Drivers/STM32F4xx_HAL_Driver/Src/stm32f4xx_hal_gpio.o
                0x0800258c                HAL_GPIO_Init
 .text.HAL_GPIO_ReadPin
                0x080028c4       0x30 ./Drivers/STM32F4xx_HAL_Driver/Src/stm32f4xx_hal_gpio.o
                0x080028c4                HAL_GPIO_ReadPin
 .text.HAL_GPIO_WritePin
                0x080028f4       0x32 ./Drivers/STM32F4xx_HAL_Driver/Src/stm32f4xx_hal_gpio.o
                0x080028f4                HAL_GPIO_WritePin
 *fill*         0x08002926        0x2 
 .text.HAL_PWR_EnterSLEEPMode
                0x08002928       0x40 ./Drivers/STM32F4xx_HAL_Driver/Src/stm32f4xx_hal_pwr.o
                0x08002928                HAL_PWR_EnterSLEEPMode
 .text.HAL_RCC_OscConfig
                0x08002968      0x4f0 ./Drivers/STM32F4xx_HAL_Driver/Src/stm32f4xx_hal_rcc.o
                0x08002968                HAL_RCC_OscConfig
 .text.HAL_RCC_ClockConfig
                0x08002e58      0x1cc ./Drivers/STM32F4xx_HAL_Driver/Src/stm32f4xx_hal_rcc.o
                0x08002e58                HAL_RCC_ClockConfig
 .text.HAL_RCC_GetSysClockFreq
                0x08003024      0x20c ./Drivers/STM32F4xx_HAL_Driver/Src/stm32f4xx_hal_rcc.o
                0x08003024                HAL_RCC_GetSysClockFreq
 .text.HAL_RCC_GetHCLKFreq
                0x08003230       0x18 ./Drivers/STM32F4xx_HAL_Driver/Src/stm32f4xx_hal_rcc.o
                0x08003230                HAL_RCC_GetHCLKFreq
 .text.HAL_RCC_GetPCLK1Freq
                0x08003248       0x28 ./Drivers/STM32F4xx_HAL_Driver/Src/stm32f4xx_hal_rcc.o
                0x08003248                HAL_RCC_GetPCLK1Freq
 .text.HAL_RCC_GetPCLK2Freq
                0x08003270       0x28 ./Drivers/STM32F4xx_HAL_Driver/Src/stm32f4xx_hal_rcc.o
                0x08003270                HAL_RCC_GetPCLK2Freq
 .text.HAL_TIM_Base_Init
                0x08003298       0x9e ./Drivers/STM32F4xx_HAL_Driver/Src/stm32f4xx_hal_tim.o
                0x08003298                HAL_TIM_Base_Init
 *fill*         0x08003336        0x2 
 .text.HAL_TIM_Base_Start_IT
                0x08003338       0xe0 ./Drivers/STM32F4xx_HAL_Driver/Src/stm32f4xx_hal_tim.o
                0x08003338                HAL_TIM_Base_Start_IT
 .text.HAL_TIM_IRQHandler
                0x08003418      0x1e0 ./Drivers/STM32F4xx_HAL_Driver/Src/stm32f4xx_hal_tim.o
                0x08003418                HAL_TIM_IRQHandler
 .text.HAL_TIM_ConfigClockSource
                0x080035f8      0x18e ./Drivers/STM32F4xx_HAL_Driver/Src/stm32f4xx_hal_tim.o
                0x080035f8                HAL_TIM_ConfigClockSource
 .text.HAL_TIM_OC_DelayElapsedCallback
                0x08003786       0x14 ./Drivers/STM32F4xx_HAL_Driver/Src/stm32f4xx_hal_tim.o
                0x08003786                HAL_TIM_OC_DelayElapsedCallback
 .text.HAL_TIM_IC_CaptureCallback
                0x0800379a       0x14 ./Drivers/STM32F4xx_HAL_Driver/Src/stm32f4xx_hal_tim.o
                0x0800379a                HAL_TIM_IC_CaptureCallback
 .text.HAL_TIM_PWM_PulseFinishedCallback
                0x080037ae       0x14 ./Drivers/STM32F4xx_HAL_Driver/Src/stm32f4xx_hal_tim.o
                0x080037ae                HAL_TIM_PWM_PulseFinishedCallback
 .text.HAL_TIM_TriggerCallback
                0x080037c2       0x14 ./Drivers/STM32F4xx_HAL_Driver/Src/stm32f4xx_hal_tim.o
                0x080037c2                HAL_TIM_TriggerCallback
 *fill*         0x080037d6        0x2 
 .text.TIM_Base_SetConfig
                0x080037d8      0x158 ./Drivers/STM32F4xx_HAL_Driver/Src/stm32f4xx_hal_tim.o
                0x080037d8                TIM_Base_SetConfig
 .text.TIM_TI1_ConfigInputStage
                0x08003930       0x5e ./Drivers/STM32F4xx_HAL_Driver/Src/stm32f4xx_hal_tim.o
 .text.TIM_TI2_ConfigInputStage
                0x0800398e       0x60 ./Drivers/STM32F4xx_HAL_Driver/Src/stm32f4xx_hal_tim.o
 .text.TIM_ITRx_SetConfig
                0x080039ee       0x36 ./Drivers/STM32F4xx_HAL_Driver/Src/stm32f4xx_hal_tim.o
 .text.TIM_ETR_SetConfig
                0x08003a24       0x40 ./Drivers/STM32F4xx_HAL_Driver/Src/stm32f4xx_hal_tim.o
                0x08003a24                TIM_ETR_SetConfig
 .text.HAL_TIMEx_MasterConfigSynchronization
                0x08003a64       0xf8 ./Drivers/STM32F4xx_HAL_Driver/Src/stm32f4xx_hal_tim_ex.o
                0x08003a64                HAL_TIMEx_MasterConfigSynchronization
 .text.HAL_TIMEx_CommutCallback
                0x08003b5c       0x14 ./Drivers/STM32F4xx_HAL_Driver/Src/stm32f4xx_hal_tim_ex.o
                0x08003b5c                HAL_TIMEx_CommutCallback
 .text.HAL_TIMEx_BreakCallback
                0x08003b70       0x14 ./Drivers/STM32F4xx_HAL_Driver/Src/stm32f4xx_hal_tim_ex.o
                0x08003b70                HAL_TIMEx_BreakCallback
 .text.HAL_UART_Init
                0x08003b84       0xa0 ./Drivers/STM32F4xx_HAL_Driver/Src/stm32f4xx_hal_uart.o
                0x08003b84                HAL_UART_Init
 .text.HAL_UART_Transmit
                0x08003c24      0x116 ./Drivers/STM32F4xx_HAL_Driver/Src/stm32f4xx_hal_uart.o
                0x08003c24                HAL_UART_Transmit
 .text.HAL_UART_Receive_IT
                0x08003d3a       0x4a ./Drivers/STM32F4xx_HAL_Driver/Src/stm32f4xx_hal_uart.o
                0x08003d3a                HAL_UART_Receive_IT
 .text.HAL_UART_IRQHandler
                0x08003d84      0x524 ./Drivers/STM32F4xx_HAL_Driver/Src/stm32f4xx_hal_uart.o
                0x08003d84                HAL_UART_IRQHandler
 .text.HAL_UART_TxCpltCallback
                0x080042a8       0x14 ./Drivers/STM32F4xx_HAL_Driver/Src/stm32f4xx_hal_uart.o
                0x080042a8                HAL_UART_TxCpltCallback
 .text.HAL_UART_ErrorCallback
                0x080042bc       0x14 ./Drivers/STM32F4xx_HAL_Driver/Src/stm32f4xx_hal_uart.o
                0x080042bc                HAL_UART_ErrorCallback
 .text.HAL_UARTEx_RxEventCallback
                0x080042d0       0x18 ./Drivers/STM32F4xx_HAL_Driver/Src/stm32f4xx_hal_uart.o
                0x080042d0                HAL_UARTEx_RxEventCallback
 .text.UART_WaitOnFlagUntilTimeout
                0x080042e8       0xb2 ./Drivers/STM32F4xx_HAL_Driver/Src/stm32f4xx_hal_uart.o
 .text.UART_Start_Receive_IT
                0x0800439a       0x74 ./Drivers/STM32F4xx_HAL_Driver/Src/stm32f4xx_hal_uart.o
                0x0800439a                UART_Start_Receive_IT
 .text.UART_EndRxTransfer
                0x0800440e       0xc6 ./Drivers/STM32F4xx_HAL_Driver/Src/stm32f4xx_hal_uart.o
 .text.UART_DMAAbortOnError
                0x080044d4       0x28 ./Drivers/STM32F4xx_HAL_Driver/Src/stm32f4xx_hal_uart.o
 .text.UART_Transmit_IT
                0x080044fc       0xa0 ./Drivers/STM32F4xx_HAL_Driver/Src/stm32f4xx_hal_uart.o
 .text.UART_EndTransmit_IT
                0x0800459c       0x30 ./Drivers/STM32F4xx_HAL_Driver/Src/stm32f4xx_hal_uart.o
 .text.UART_Receive_IT
                0x080045cc      0x17c ./Drivers/STM32F4xx_HAL_Driver/Src/stm32f4xx_hal_uart.o
 .text.UART_SetConfig
                0x08004748      0x4e8 ./Drivers/STM32F4xx_HAL_Driver/Src/stm32f4xx_hal_uart.o
 .text.sprintf  0x08004c30       0x40 C:/ST/STM32CubeIDE_1.13.1/STM32CubeIDE/plugins/com.st.stm32cube.ide.mcu.externaltools.gnu-tools-for-stm32.12.3.rel1.win32_1.0.100.202403111256/tools/bin/../lib/gcc/arm-none-eabi/12.3.1/../../../../arm-none-eabi/lib/thumb/v7e-m+fp/hard\libc_nano.a(libc_a-sprintf.o)
                0x08004c30                siprintf
                0x08004c30                sprintf
 .text.sscanf   0x08004c70       0x54 C:/ST/STM32CubeIDE_1.13.1/STM32CubeIDE/plugins/com.st.stm32cube.ide.mcu.externaltools.gnu-tools-for-stm32.12.3.rel1.win32_1.0.100.202403111256/tools/bin/../lib/gcc/arm-none-eabi/12.3.1/../../../../arm-none-eabi/lib/thumb/v7e-m+fp/hard\libc_nano.a(libc_a-sscanf.o)
                0x08004c70                siscanf
                0x08004c70                sscanf
 .text.__seofread
                0x08004cc4        0x4 C:/ST/STM32CubeIDE_1.13.1/STM32CubeIDE/plugins/com.st.stm32cube.ide.mcu.externaltools.gnu-tools-for-stm32.12.3.rel1.win32_1.0.100.202403111256/tools/bin/../lib/gcc/arm-none-eabi/12.3.1/../../../../arm-none-eabi/lib/thumb/v7e-m+fp/hard\libc_nano.a(libc_a-stdio.o)
                0x08004cc4                __seofread
 .text.memset   0x08004cc8       0x10 C:/ST/STM32CubeIDE_1.13.1/STM32CubeIDE/plugins/com.st.stm32cube.ide.mcu.externaltools.gnu-tools-for-stm32.12.3.rel1.win32_1.0.100.202403111256/tools/bin/../lib/gcc/arm-none-eabi/12.3.1/../../../../arm-none-eabi/lib/thumb/v7e-m+fp/hard\libc_nano.a(libc_a-memset.o)
                0x08004cc8                memset
 .text.__errno  0x08004cd8        0xc C:/ST/STM32CubeIDE_1.13.1/STM32CubeIDE/plugins/com.st.stm32cube.ide.mcu.externaltools.gnu-tools-for-stm32.12.3.rel1.win32_1.0.100.202403111256/tools/bin/../lib/gcc/arm-none-eabi/12.3.1/../../../../arm-none-eabi/lib/thumb/v7e-m+fp/hard\libc_nano.a(libc_a-errno.o)
                0x08004cd8                __errno
 .text.__libc_init_array
                0x08004ce4       0x48 C:/ST/STM32CubeIDE_1.13.1/STM32CubeIDE/plugins/com.st.stm32cube.ide.mcu.externaltools.gnu-tools-for-stm32.12.3.rel1.win32_1.0.100.202403111256/tools/bin/../lib/gcc/arm-none-eabi/12.3.1/../../../../arm-none-eabi/lib/thumb/v7e-m+fp/hard\libc_nano.a(libc_a-init.o)
                0x08004ce4                __libc_init_array
 .text.__retarget_lock_acquire_recursive
                0x08004d2c        0x2 C:/ST/STM32CubeIDE_1.13.1/STM32CubeIDE/plugins/com.st.stm32cube.ide.mcu.externaltools.gnu-tools-for-stm32.12.3.rel1.win32_1.0.100.202403111256/tools/bin/../lib/gcc/arm-none-eabi/12.3.1/../../../../arm-none-eabi/lib/thumb/v7e-m+fp/hard\libc_nano.a(libc_a-lock.o)
                0x08004d2c                __retarget_lock_acquire_recursive
 .text.__retarget_lock_release_recursive
                0x08004d2e        0x2 C:/ST/STM32CubeIDE_1.13.1/STM32CubeIDE/plugins/com.st.stm32cube.ide.mcu.externaltools.gnu-tools-for-stm32.12.3.rel1.win32_1.0.100.202403111256/tools/bin/../lib/gcc/arm-none-eabi/12.3.1/../../../../arm-none-eabi/lib/thumb/v7e-m+fp/hard\libc_nano.a(libc_a-lock.o)
                0x08004d2e                __retarget_lock_release_recursive
 .text._free_r  0x08004d30       0x94 C:/ST/STM32CubeIDE_1.13.1/STM32CubeIDE/plugins/com.st.stm32cube.ide.mcu.externaltools.gnu-tools-for-stm32.12.3.rel1.win32_1.0.100.202403111256/tools/bin/../lib/gcc/arm-none-eabi/12.3.1/../../../../arm-none-eabi/lib/thumb/v7e-m+fp/hard\libc_nano.a(libc_a-freer.o)
                0x08004d30                _free_r
 .text.sbrk_aligned
                0x08004dc4       0x44 C:/ST/STM32CubeIDE_1.13.1/STM32CubeIDE/plugins/com.st.stm32cube.ide.mcu.externaltools.gnu-tools-for-stm32.12.3.rel1.win32_1.0.100.202403111256/tools/bin/../lib/gcc/arm-none-eabi/12.3.1/../../../../arm-none-eabi/lib/thumb/v7e-m+fp/hard\libc_nano.a(libc_a-mallocr.o)
 .text._malloc_r
                0x08004e08      0x100 C:/ST/STM32CubeIDE_1.13.1/STM32CubeIDE/plugins/com.st.stm32cube.ide.mcu.externaltools.gnu-tools-for-stm32.12.3.rel1.win32_1.0.100.202403111256/tools/bin/../lib/gcc/arm-none-eabi/12.3.1/../../../../arm-none-eabi/lib/thumb/v7e-m+fp/hard\libc_nano.a(libc_a-mallocr.o)
                0x08004e08                _malloc_r
 .text.__malloc_lock
                0x08004f08        0xc C:/ST/STM32CubeIDE_1.13.1/STM32CubeIDE/plugins/com.st.stm32cube.ide.mcu.externaltools.gnu-tools-for-stm32.12.3.rel1.win32_1.0.100.202403111256/tools/bin/../lib/gcc/arm-none-eabi/12.3.1/../../../../arm-none-eabi/lib/thumb/v7e-m+fp/hard\libc_nano.a(libc_a-mlock.o)
                0x08004f08                __malloc_lock
 .text.__malloc_unlock
                0x08004f14        0xc C:/ST/STM32CubeIDE_1.13.1/STM32CubeIDE/plugins/com.st.stm32cube.ide.mcu.externaltools.gnu-tools-for-stm32.12.3.rel1.win32_1.0.100.202403111256/tools/bin/../lib/gcc/arm-none-eabi/12.3.1/../../../../arm-none-eabi/lib/thumb/v7e-m+fp/hard\libc_nano.a(libc_a-mlock.o)
                0x08004f14                __malloc_unlock
 .text.__ssputs_r
                0x08004f20       0xb6 C:/ST/STM32CubeIDE_1.13.1/STM32CubeIDE/plugins/com.st.stm32cube.ide.mcu.externaltools.gnu-tools-for-stm32.12.3.rel1.win32_1.0.100.202403111256/tools/bin/../lib/gcc/arm-none-eabi/12.3.1/../../../../arm-none-eabi/lib/thumb/v7e-m+fp/hard\libc_nano.a(libc_a-nano-svfprintf.o)
                0x08004f20                __ssputs_r
 *fill*         0x08004fd6        0x2 
 .text._svfprintf_r
                0x08004fd8      0x1f8 C:/ST/STM32CubeIDE_1.13.1/STM32CubeIDE/plugins/com.st.stm32cube.ide.mcu.externaltools.gnu-tools-for-stm32.12.3.rel1.win32_1.0.100.202403111256/tools/bin/../lib/gcc/arm-none-eabi/12.3.1/../../../../arm-none-eabi/lib/thumb/v7e-m+fp/hard\libc_nano.a(libc_a-nano-svfprintf.o)
                0x08004fd8                _svfiprintf_r
                0x08004fd8                _svfprintf_r
 .text._sungetc_r
                0x080051d0       0x76 C:/ST/STM32CubeIDE_1.13.1/STM32CubeIDE/plugins/com.st.stm32cube.ide.mcu.externaltools.gnu-tools-for-stm32.12.3.rel1.win32_1.0.100.202403111256/tools/bin/../lib/gcc/arm-none-eabi/12.3.1/../../../../arm-none-eabi/lib/thumb/v7e-m+fp/hard\libc_nano.a(libc_a-nano-svfscanf.o)
                0x080051d0                _sungetc_r
 .text.__ssrefill_r
                0x08005246       0x3a C:/ST/STM32CubeIDE_1.13.1/STM32CubeIDE/plugins/com.st.stm32cube.ide.mcu.externaltools.gnu-tools-for-stm32.12.3.rel1.win32_1.0.100.202403111256/tools/bin/../lib/gcc/arm-none-eabi/12.3.1/../../../../arm-none-eabi/lib/thumb/v7e-m+fp/hard\libc_nano.a(libc_a-nano-svfscanf.o)
                0x08005246                __ssrefill_r
 .text.__ssvfscanf_r
                0x08005280      0x2e8 C:/ST/STM32CubeIDE_1.13.1/STM32CubeIDE/plugins/com.st.stm32cube.ide.mcu.externaltools.gnu-tools-for-stm32.12.3.rel1.win32_1.0.100.202403111256/tools/bin/../lib/gcc/arm-none-eabi/12.3.1/../../../../arm-none-eabi/lib/thumb/v7e-m+fp/hard\libc_nano.a(libc_a-nano-svfscanf.o)
                0x08005280                __ssvfiscanf_r
                0x08005280                __ssvfscanf_r
 .text._printf_common
                0x08005568       0xda C:/ST/STM32CubeIDE_1.13.1/STM32CubeIDE/plugins/com.st.stm32cube.ide.mcu.externaltools.gnu-tools-for-stm32.12.3.rel1.win32_1.0.100.202403111256/tools/bin/../lib/gcc/arm-none-eabi/12.3.1/../../../../arm-none-eabi/lib/thumb/v7e-m+fp/hard\libc_nano.a(libc_a-nano-vfprintf_i.o)
                0x08005568                _printf_common
 *fill*         0x08005642        0x2 
 .text._printf_i
                0x08005644      0x240 C:/ST/STM32CubeIDE_1.13.1/STM32CubeIDE/plugins/com.st.stm32cube.ide.mcu.externaltools.gnu-tools-for-stm32.12.3.rel1.win32_1.0.100.202403111256/tools/bin/../lib/gcc/arm-none-eabi/12.3.1/../../../../arm-none-eabi/lib/thumb/v7e-m+fp/hard\libc_nano.a(libc_a-nano-vfprintf_i.o)
                0x08005644                _printf_i
 .text._scanf_chars
                0x08005884       0xb4 C:/ST/STM32CubeIDE_1.13.1/STM32CubeIDE/plugins/com.st.stm32cube.ide.mcu.externaltools.gnu-tools-for-stm32.12.3.rel1.win32_1.0.100.202403111256/tools/bin/../lib/gcc/arm-none-eabi/12.3.1/../../../../arm-none-eabi/lib/thumb/v7e-m+fp/hard\libc_nano.a(libc_a-nano-vfscanf_i.o)
                0x08005884                _scanf_chars
 .text._scanf_i
                0x08005938      0x1e8 C:/ST/STM32CubeIDE_1.13.1/STM32CubeIDE/plugins/com.st.stm32cube.ide.mcu.externaltools.gnu-tools-for-stm32.12.3.rel1.win32_1.0.100.202403111256/tools/bin/../lib/gcc/arm-none-eabi/12.3.1/../../../../arm-none-eabi/lib/thumb/v7e-m+fp/hard\libc_nano.a(libc_a-nano-vfscanf_i.o)
                0x08005938                _scanf_i
 .text.__sccl   0x08005b20       0x72 C:/ST/STM32CubeIDE_1.13.1/STM32CubeIDE/plugins/com.st.stm32cube.ide.mcu.externaltools.gnu-tools-for-stm32.12.3.rel1.win32_1.0.100.202403111256/tools/bin/../lib/gcc/arm-none-eabi/12.3.1/../../../../arm-none-eabi/lib/thumb/v7e-m+fp/hard\libc_nano.a(libc_a-sccl.o)
                0x08005b20                __sccl
 .text.__submore
                0x08005b92       0x74 C:/ST/STM32CubeIDE_1.13.1/STM32CubeIDE/plugins/com.st.stm32cube.ide.mcu.externaltools.gnu-tools-for-stm32.12.3.rel1.win32_1.0.100.202403111256/tools/bin/../lib/gcc/arm-none-eabi/12.3.1/../../../../arm-none-eabi/lib/thumb/v7e-m+fp/hard\libc_nano.a(libc_a-ungetc.o)
                0x08005b92                __submore
 .text.memmove  0x08005c06       0x34 C:/ST/STM32CubeIDE_1.13.1/STM32CubeIDE/plugins/com.st.stm32cube.ide.mcu.externaltools.gnu-tools-for-stm32.12.3.rel1.win32_1.0.100.202403111256/tools/bin/../lib/gcc/arm-none-eabi/12.3.1/../../../../arm-none-eabi/lib/thumb/v7e-m+fp/hard\libc_nano.a(libc_a-memmove.o)
                0x08005c06                memmove
 *fill*         0x08005c3a        0x2 
 .text._sbrk_r  0x08005c3c       0x20 C:/ST/STM32CubeIDE_1.13.1/STM32CubeIDE/plugins/com.st.stm32cube.ide.mcu.externaltools.gnu-tools-for-stm32.12.3.rel1.win32_1.0.100.202403111256/tools/bin/../lib/gcc/arm-none-eabi/12.3.1/../../../../arm-none-eabi/lib/thumb/v7e-m+fp/hard\libc_nano.a(libc_a-sbrkr.o)
                0x08005c3c                _sbrk_r
 .text.memcpy   0x08005c5c       0x1c C:/ST/STM32CubeIDE_1.13.1/STM32CubeIDE/plugins/com.st.stm32cube.ide.mcu.externaltools.gnu-tools-for-stm32.12.3.rel1.win32_1.0.100.202403111256/tools/bin/../lib/gcc/arm-none-eabi/12.3.1/../../../../arm-none-eabi/lib/thumb/v7e-m+fp/hard\libc_nano.a(libc_a-memcpy-stub.o)
                0x08005c5c                memcpy
 .text._realloc_r
                0x08005c78       0x5c C:/ST/STM32CubeIDE_1.13.1/STM32CubeIDE/plugins/com.st.stm32cube.ide.mcu.externaltools.gnu-tools-for-stm32.12.3.rel1.win32_1.0.100.202403111256/tools/bin/../lib/gcc/arm-none-eabi/12.3.1/../../../../arm-none-eabi/lib/thumb/v7e-m+fp/hard\libc_nano.a(libc_a-reallocr.o)
                0x08005c78                _realloc_r
 .text._strtol_l.constprop.0
                0x08005cd4       0xf4 C:/ST/STM32CubeIDE_1.13.1/STM32CubeIDE/plugins/com.st.stm32cube.ide.mcu.externaltools.gnu-tools-for-stm32.12.3.rel1.win32_1.0.100.202403111256/tools/bin/../lib/gcc/arm-none-eabi/12.3.1/../../../../arm-none-eabi/lib/thumb/v7e-m+fp/hard\libc_nano.a(libc_a-strtol.o)
 .text._strtol_r
                0x08005dc8        0x4 C:/ST/STM32CubeIDE_1.13.1/STM32CubeIDE/plugins/com.st.stm32cube.ide.mcu.externaltools.gnu-tools-for-stm32.12.3.rel1.win32_1.0.100.202403111256/tools/bin/../lib/gcc/arm-none-eabi/12.3.1/../../../../arm-none-eabi/lib/thumb/v7e-m+fp/hard\libc_nano.a(libc_a-strtol.o)
                0x08005dc8                _strtol_r
 .text._strtoul_l.constprop.0
                0x08005dcc       0xdc C:/ST/STM32CubeIDE_1.13.1/STM32CubeIDE/plugins/com.st.stm32cube.ide.mcu.externaltools.gnu-tools-for-stm32.12.3.rel1.win32_1.0.100.202403111256/tools/bin/../lib/gcc/arm-none-eabi/12.3.1/../../../../arm-none-eabi/lib/thumb/v7e-m+fp/hard\libc_nano.a(libc_a-strtoul.o)
 .text._strtoul_r
                0x08005ea8        0x4 C:/ST/STM32CubeIDE_1.13.1/STM32CubeIDE/plugins/com.st.stm32cube.ide.mcu.externaltools.gnu-tools-for-stm32.12.3.rel1.win32_1.0.100.202403111256/tools/bin/../lib/gcc/arm-none-eabi/12.3.1/../../../../arm-none-eabi/lib/thumb/v7e-m+fp/hard\libc_nano.a(libc_a-strtoul.o)
                0x08005ea8                _strtoul_r
 .text._malloc_usable_size_r
                0x08005eac       0x10 C:/ST/STM32CubeIDE_1.13.1/STM32CubeIDE/plugins/com.st.stm32cube.ide.mcu.externaltools.gnu-tools-for-stm32.12.3.rel1.win32_1.0.100.202403111256/tools/bin/../lib/gcc/arm-none-eabi/12.3.1/../../../../arm-none-eabi/lib/thumb/v7e-m+fp/hard\libc_nano.a(libc_a-msizer.o)
                0x08005eac                _malloc_usable_size_r
 *(.glue_7)
 .glue_7        0x08005ebc        0x0 linker stubs
 *(.glue_7t)
 .glue_7t       0x08005ebc        0x0 linker stubs
 *(.eh_frame)
 .eh_frame      0x08005ebc        0x0 C:/ST/STM32CubeIDE_1.13.1/STM32CubeIDE/plugins/com.st.stm32cube.ide.mcu.externaltools.gnu-tools-for-stm32.12.3.rel1.win32_1.0.100.202403111256/tools/bin/../lib/gcc/arm-none-eabi/12.3.1/thumb/v7e-m+fp/hard/crtbegin.o
 *(.init)
 .init          0x08005ebc        0x4 C:/ST/STM32CubeIDE_1.13.1/STM32CubeIDE/plugins/com.st.stm32cube.ide.mcu.externaltools.gnu-tools-for-stm32.12.3.rel1.win32_1.0.100.202403111256/tools/bin/../lib/gcc/arm-none-eabi/12.3.1/thumb/v7e-m+fp/hard/crti.o
                0x08005ebc                _init
 .init          0x08005ec0        0x8 C:/ST/STM32CubeIDE_1.13.1/STM32CubeIDE/plugins/com.st.stm32cube.ide.mcu.externaltools.gnu-tools-for-stm32.12.3.rel1.win32_1.0.100.202403111256/tools/bin/../lib/gcc/arm-none-eabi/12.3.1/thumb/v7e-m+fp/hard/crtn.o
 *(.fini)
 .fini          0x08005ec8        0x4 C:/ST/STM32CubeIDE_1.13.1/STM32CubeIDE/plugins/com.st.stm32cube.ide.mcu.externaltools.gnu-tools-for-stm32.12.3.rel1.win32_1.0.100.202403111256/tools/bin/../lib/gcc/arm-none-eabi/12.3.1/thumb/v7e-m+fp/hard/crti.o
                0x08005ec8                _fini
 .fini          0x08005ecc        0x8 C:/ST/STM32CubeIDE_1.13.1/STM32CubeIDE/plugins/com.st.stm32cube.ide.mcu.externaltools.gnu-tools-for-stm32.12.3.rel1.win32_1.0.100.202403111256/tools/bin/../lib/gcc/arm-none-eabi/12.3.1/thumb/v7e-m+fp/hard/crtn.o
                0x08005ed4                        . = ALIGN (0x4)
                0x08005ed4                        _etext = .

.vfp11_veneer   0x08005ed4        0x0
 .vfp11_veneer  0x08005ed4        0x0 linker stubs

.v4_bx          0x08005ed4        0x0
 .v4_bx         0x08005ed4        0x0 linker stubs

.iplt           0x08005ed4        0x0
 .iplt          0x08005ed4        0x0 C:/ST/STM32CubeIDE_1.13.1/STM32CubeIDE/plugins/com.st.stm32cube.ide.mcu.externaltools.gnu-tools-for-stm32.12.3.rel1.win32_1.0.100.202403111256/tools/bin/../lib/gcc/arm-none-eabi/12.3.1/thumb/v7e-m+fp/hard/crtbegin.o

.rodata         0x08005ed4      0x198
                0x08005ed4                        . = ALIGN (0x4)
 *(.rodata)
 .rodata        0x08005ed4        0xd ./Core/Src/input_processing.o
 *fill*         0x08005ee1        0x3 
 .rodata        0x08005ee4        0xc ./Core/Src/main.o
 .rodata        0x08005ef0        0x7 ./Core/Src/wake.o
 *fill*         0x08005ef7        0x1 
 .rodata        0x08005ef8        0xc C:/ST/STM32CubeIDE_1.13.1/STM32CubeIDE/plugins/com.st.stm32cube.ide.mcu.externaltools.gnu-tools-for-stm32.12.3.rel1.win32_1.0.100.202403111256/tools/bin/../lib/gcc/arm-none-eabi/12.3.1/../../../../arm-none-eabi/lib/thumb/v7e-m+fp/hard\libc_nano.a(libc_a-nano-vfscanf_i.o)
 *(.rodata*)
 .rodata.AHBPrescTable
                0x08005f04       0x10 ./Core/Src/system_stm32f4xx.o
                0x08005f04                AHBPrescTable
 .rodata.APBPrescTable
                0x08005f14        0x8 ./Core/Src/system_stm32f4xx.o
                0x08005f14                APBPrescTable
 .rodata._svfprintf_r.str1.1
                0x08005f1c       0x11 C:/ST/STM32CubeIDE_1.13.1/STM32CubeIDE/plugins/com.st.stm32cube.ide.mcu.externaltools.gnu-tools-for-stm32.12.3.rel1.win32_1.0.100.202403111256/tools/bin/../lib/gcc/arm-none-eabi/12.3.1/../../../../arm-none-eabi/lib/thumb/v7e-m+fp/hard\libc_nano.a(libc_a-nano-svfprintf.o)
 .rodata.__ssvfscanf_r.str1.1
                0x08005f2d        0x4 C:/ST/STM32CubeIDE_1.13.1/STM32CubeIDE/plugins/com.st.stm32cube.ide.mcu.externaltools.gnu-tools-for-stm32.12.3.rel1.win32_1.0.100.202403111256/tools/bin/../lib/gcc/arm-none-eabi/12.3.1/../../../../arm-none-eabi/lib/thumb/v7e-m+fp/hard\libc_nano.a(libc_a-nano-svfscanf.o)
 .rodata._printf_i.str1.1
                0x08005f2d       0x22 C:/ST/STM32CubeIDE_1.13.1/STM32CubeIDE/plugins/com.st.stm32cube.ide.mcu.externaltools.gnu-tools-for-stm32.12.3.rel1.win32_1.0.100.202403111256/tools/bin/../lib/gcc/arm-none-eabi/12.3.1/../../../../arm-none-eabi/lib/thumb/v7e-m+fp/hard\libc_nano.a(libc_a-nano-vfprintf_i.o)
 .rodata._scanf_i.str1.1
                0x08005f4f       0x12 C:/ST/STM32CubeIDE_1.13.1/STM32CubeIDE/plugins/com.st.stm32cube.ide.mcu.externaltools.gnu-tools-for-stm32.12.3.rel1.win32_1.0.100.202403111256/tools/bin/../lib/gcc/arm-none-eabi/12.3.1/../../../../arm-none-eabi/lib/thumb/v7e-m+fp/hard\libc_nano.a(libc_a-nano-vfscanf_i.o)
 .rodata.str1.1
                0x08005f61        0x9 C:/ST/STM32CubeIDE_1.13.1/STM32CubeIDE/plugins/com.st.stm32cube.ide.mcu.externaltools.gnu-tools-for-stm32.12.3.rel1.win32_1.0.100.202403111256/tools/bin/../lib/gcc/arm-none-eabi/12.3.1/../../../../arm-none-eabi/lib/thumb/v7e-m+fp/hard\libc_nano.a(libc_a-nano-vfscanf_i.o)
 .rodata._ctype_
                0x08005f6a      0x101 C:/ST/STM32CubeIDE_1.13.1/STM32CubeIDE/plugins/com.st.stm32cube.ide.mcu.externaltools.gnu-tools-for-stm32.12.3.rel1.win32_1.0.100.202403111256/tools/bin/../lib/gcc/arm-none-eabi/12.3.1/../../../../arm-none-eabi/lib/thumb/v7e-m+fp/hard\libc_nano.a(libc_a-ctype_.o)
                0x08005f6a                _ctype_
                0x0800606c                        . = ALIGN (0x4)
 *fill*         0x0800606b        0x1 

.ARM.extab      0x0800606c        0x0
                0x0800606c                        . = ALIGN (0x4)
 *(.ARM.extab* .gnu.linkonce.armextab.*)
                0x0800606c                        . = ALIGN (0x4)

.ARM            0x0800606c        0x8
                0x0800606c                        . = ALIGN (0x4)
                0x0800606c                        __exidx_start = .
 *(.ARM.exidx*)
 .ARM.exidx     0x0800606c        0x8 C:/ST/STM32CubeIDE_1.13.1/STM32CubeIDE/plugins/com.st.stm32cube.ide.mcu.externaltools.gnu-tools-for-stm32.12.3.rel1.win32_1.0.100.202403111256/tools/bin/../lib/gcc/arm-none-eabi/12.3.1/../../../../arm-none-eabi/lib/thumb/v7e-m+fp/hard\libc_nano.a(libc_a-strlen.o)
 .ARM.exidx     0x08006074        0x0 C:/ST/STM32CubeIDE_1.13.1/STM32CubeIDE/plugins/com.st.stm32cube.ide.mcu.externaltools.gnu-tools-for-stm32.12.3.rel1.win32_1.0.100.202403111256/tools/bin/../lib/gcc/arm-none-eabi/12.3.1/../../../../arm-none-eabi/lib/thumb/v7e-m+fp/hard\libc_nano.a(libc_a-memchr.o)
                                  0x8 (size before relaxing)
 .ARM.exidx     0x08006074        0x0 C:/ST/STM32CubeIDE_1.13.1/STM32CubeIDE/plugins/com.st.stm32cube.ide.mcu.externaltools.gnu-tools-for-stm32.12.3.rel1.win32_1.0.100.202403111256/tools/bin/../lib/gcc/arm-none-eabi/12.3.1/thumb/v7e-m+fp/hard\libgcc.a(_udivmoddi4.o)
                                  0x8 (size before relaxing)
                0x08006074                        __exidx_end = .
                0x08006074                        . = ALIGN (0x4)

.preinit_array  0x08006074        0x0
                0x08006074                        . = ALIGN (0x4)
                0x08006074                        PROVIDE (__preinit_array_start = .)
 *(.preinit_array*)
                0x08006074                        PROVIDE (__preinit_array_end = .)
                0x08006074                        . = ALIGN (0x4)

.init_array     0x08006074        0x4
                0x08006074                        . = ALIGN (0x4)
                0x08006074                        PROVIDE (__init_array_start = .)
 *(SORT_BY_NAME(.init_array.*))
 *(.init_array*)
 .init_array    0x08006074        0x4 C:/ST/STM32CubeIDE_1.13.1/STM32CubeIDE/plugins/com.st.stm32cube.ide.mcu.externaltools.gnu-tools-for-stm32.12.3.rel1.win32_1.0.100.202403111256/tools/bin/../lib/gcc/arm-none-eabi/12.3.1/thumb/v7e-m+fp/hard/crtbegin.o
                0x08006078                        PROVIDE (__init_array_end = .)
                0x08006078                        . = ALIGN (0x4)

.fini_array     0x08006078        0x4
                0x08006078                        . = ALIGN (0x4)
                [!provide]                        PROVIDE (__fini_array_start = .)
 *(SORT_BY_NAME(.fini_array.*))
 *(.fini_array*)
 .fini_array    0x08006078        0x4 C:/ST/STM32CubeIDE_1.13.1/STM32CubeIDE/plugins/com.st.stm32cube.ide.mcu.externaltools.gnu-tools-for-stm32.12.3.rel1.win32_1.0.100.202403111256/tools/bin/../lib/gcc/arm-none-eabi/12.3.1/thumb/v7e-m+fp/hard/crtbegin.o
                [!provide]                        PROVIDE (__fini_array_end = .)
                0x0800607c                        . = ALIGN (0x4)
                0x0800607c                        _sidata = LOADADDR (.data)

.rel.dyn        0x0800607c        0x0
 .rel.iplt      0x0800607c        0x0 C:/ST/STM32CubeIDE_1.13.1/STM32CubeIDE/plugins/com.st.stm32cube.ide.mcu.externaltools.gnu-tools-for-stm32.12.3.rel1.win32_1.0.100.202403111256/tools/bin/../lib/gcc/arm-none-eabi/12.3.1/thumb/v7e-m+fp/hard/crtbegin.o

.data           0x20000000       0x8c load address 0x0800607c
                0x20000000                        . = ALIGN (0x4)
                0x20000000                        _sdata = .
 *(.data)
 *(.data*)
 .data.T_RED    0x20000000        0x4 ./Core/Src/global.o
                0x20000000                T_RED
 .data.T_YELLOW
                0x20000004        0x4 ./Core/Src/global.o
                0x20000004                T_YELLOW
 .data.T_GREEN  0x20000008        0x4 ./Core/Src/global.o
                0x20000008                T_GREEN
 .data.status   0x2000000c        0x4 ./Core/Src/global.o
                0x2000000c                status
 .data.button_0_state
                0x20000010        0x1 ./Core/Src/input_processing.o
                0x20000010                button_0_state
 .data.button_1_state
                0x20000011        0x1 ./Core/Src/input_processing.o
                0x20000011                button_1_state
 .data.button_2_state
                0x20000012        0x1 ./Core/Src/input_processing.o
                0x20000012                button_2_state
 .data.button_3_state
                0x20000013        0x1 ./Core/Src/input_processing.o
                0x20000013                button_3_state
 .data.button_ports
                0x20000014       0x10 ./Core/Src/input_reading.o
 .data.button_pins
                0x20000024        0x8 ./Core/Src/input_reading.o
 .data.SystemCoreClock
                0x2000002c        0x4 ./Core/Src/system_stm32f4xx.o
                0x2000002c                SystemCoreClock
 .data.TIMER_CYCLE
                0x20000030        0x4 ./Core/Src/timer.o
                0x20000030                TIMER_CYCLE
 .data.uwTickPrio
                0x20000034        0x4 ./Drivers/STM32F4xx_HAL_Driver/Src/stm32f4xx_hal.o
                0x20000034                uwTickPrio
 .data.uwTickFreq
                0x20000038        0x1 ./Drivers/STM32F4xx_HAL_Driver/Src/stm32f4xx_hal.o
                0x20000038                uwTickFreq
 *fill*         0x20000039        0x3 
 .data._impure_ptr
                0x2000003c        0x4 C:/ST/STM32CubeIDE_1.13.1/STM32CubeIDE/plugins/com.st.stm32cube.ide.mcu.externaltools.gnu-tools-for-stm32.12.3.rel1.win32_1.0.100.202403111256/tools/bin/../lib/gcc/arm-none-eabi/12.3.1/../../../../arm-none-eabi/lib/thumb/v7e-m+fp/hard\libc_nano.a(libc_a-impure.o)
                0x2000003c                _impure_ptr
 .data._impure_data
                0x20000040       0x4c C:/ST/STM32CubeIDE_1.13.1/STM32CubeIDE/plugins/com.st.stm32cube.ide.mcu.externaltools.gnu-tools-for-stm32.12.3.rel1.win32_1.0.100.202403111256/tools/bin/../lib/gcc/arm-none-eabi/12.3.1/../../../../arm-none-eabi/lib/thumb/v7e-m+fp/hard\libc_nano.a(libc_a-impure.o)
                0x20000040                _impure_data
 *(.RamFunc)
 *(.RamFunc*)
                0x2000008c                        . = ALIGN (0x4)
                0x2000008c                        _edata = .
                0x08006108                        _siccmram = LOADADDR (.ccmram)

.igot.plt       0x2000008c        0x0 load address 0x08006108
 .igot.plt      0x2000008c        0x0 C:/ST/STM32CubeIDE_1.13.1/STM32CubeIDE/plugins/com.st.stm32cube.ide.mcu.externaltools.gnu-tools-for-stm32.12.3.rel1.win32_1.0.100.202403111256/tools/bin/../lib/gcc/arm-none-eabi/12.3.1/thumb/v7e-m+fp/hard/crtbegin.o

.ccmram         0x10000000        0x0 load address 0x08006108
                0x10000000                        . = ALIGN (0x4)
                0x10000000                        _sccmram = .
 *(.ccmram)
 *(.ccmram*)
                0x10000000                        . = ALIGN (0x4)
                0x10000000                        _eccmram = .
                0x10000000                        . = ALIGN (0x4)

.bss            0x2000008c      0x334
                0x2000008c                        _sbss = .
                0x2000008c                        __bss_start__ = _sbss
 *(.bss)
 .bss           0x2000008c       0x1c C:/ST/STM32CubeIDE_1.13.1/STM32CubeIDE/plugins/com.st.stm32cube.ide.mcu.externaltools.gnu-tools-for-stm32.12.3.rel1.win32_1.0.100.202403111256/tools/bin/../lib/gcc/arm-none-eabi/12.3.1/thumb/v7e-m+fp/hard/crtbegin.o
 *(.bss*)
 .bss.t_road_1  0x200000a8        0x4 ./Core/Src/fsm_automatic.o
                0x200000a8                t_road_1
 .bss.t_road_2  0x200000ac        0x4 ./Core/Src/fsm_automatic.o
                0x200000ac                t_road_2
 .bss.toggle_flag
                0x200000b0        0x4 ./Core/Src/global.o
                0x200000b0                toggle_flag
 .bss.buttonBuffer
                0x200000b4        0x4 ./Core/Src/input_reading.o
 .bss.debounceButtonBuffer1
                0x200000b8        0x4 ./Core/Src/input_reading.o
 .bss.debounceButtonBuffer2
                0x200000bc        0x4 ./Core/Src/input_reading.o
 .bss.flagForButtonPress1s
                0x200000c0        0x4 ./Core/Src/input_reading.o
 .bss.counterForButtonPress1s
                0x200000c4        0x8 ./Core/Src/input_reading.o
 .bss.htim2     0x200000cc       0x48 ./Core/Src/main.o
                0x200000cc                htim2
 .bss.huart2    0x20000114       0x48 ./Core/Src/main.o
                0x20000114                huart2
 .bss.Rx_data   0x2000015c        0xb ./Core/Src/main.o
                0x2000015c                Rx_data
 *fill*         0x20000167        0x1 
 .bss.SCH_tasks_G
                0x20000168       0xc8 ./Core/Src/scheduler.o
 .bss.newTaskID
                0x20000230        0x4 ./Core/Src/scheduler.o
 .bss.count_SCH_Update
                0x20000234        0x4 ./Core/Src/scheduler.o
 .bss.__sbrk_heap_end
                0x20000238        0x4 ./Core/Src/sysmem.o
 .bss.timer0_counter
                0x2000023c        0x4 ./Core/Src/timer.o
                0x2000023c                timer0_counter
 .bss.timer1_counter
                0x20000240        0x4 ./Core/Src/timer.o
                0x20000240                timer1_counter
 .bss.timer2_counter
                0x20000244        0x4 ./Core/Src/timer.o
                0x20000244                timer2_counter
 .bss.timer3_counter
                0x20000248        0x4 ./Core/Src/timer.o
                0x20000248                timer3_counter
 .bss.timer4_counter
                0x2000024c        0x4 ./Core/Src/timer.o
                0x2000024c                timer4_counter
 .bss.timer5_counter
                0x20000250        0x4 ./Core/Src/timer.o
                0x20000250                timer5_counter
 .bss.timer6_counter
                0x20000254        0x4 ./Core/Src/timer.o
                0x20000254                timer6_counter
 .bss.timer0_flag
                0x20000258        0x4 ./Core/Src/timer.o
                0x20000258                timer0_flag
 .bss.timer1_flag
                0x2000025c        0x4 ./Core/Src/timer.o
                0x2000025c                timer1_flag
 .bss.timer2_flag
                0x20000260        0x4 ./Core/Src/timer.o
                0x20000260                timer2_flag
 .bss.timer3_flag
                0x20000264        0x4 ./Core/Src/timer.o
                0x20000264                timer3_flag
 .bss.timer4_flag
                0x20000268        0x4 ./Core/Src/timer.o
                0x20000268                timer4_flag
 .bss.timer5_flag
                0x2000026c        0x4 ./Core/Src/timer.o
                0x2000026c                timer5_flag
 .bss.timer6_flag
                0x20000270        0x4 ./Core/Src/timer.o
                0x20000270                timer6_flag
 .bss.uwTick    0x20000274        0x4 ./Drivers/STM32F4xx_HAL_Driver/Src/stm32f4xx_hal.o
                0x20000274                uwTick
 .bss.__sf      0x20000278      0x138 C:/ST/STM32CubeIDE_1.13.1/STM32CubeIDE/plugins/com.st.stm32cube.ide.mcu.externaltools.gnu-tools-for-stm32.12.3.rel1.win32_1.0.100.202403111256/tools/bin/../lib/gcc/arm-none-eabi/12.3.1/../../../../arm-none-eabi/lib/thumb/v7e-m+fp/hard\libc_nano.a(libc_a-findfp.o)
                0x20000278                __sf
 .bss.errno     0x200003b0        0x4 C:/ST/STM32CubeIDE_1.13.1/STM32CubeIDE/plugins/com.st.stm32cube.ide.mcu.externaltools.gnu-tools-for-stm32.12.3.rel1.win32_1.0.100.202403111256/tools/bin/../lib/gcc/arm-none-eabi/12.3.1/../../../../arm-none-eabi/lib/thumb/v7e-m+fp/hard\libc_nano.a(libc_a-reent.o)
                0x200003b0                errno
 .bss.__lock___malloc_recursive_mutex
                0x200003b4        0x1 C:/ST/STM32CubeIDE_1.13.1/STM32CubeIDE/plugins/com.st.stm32cube.ide.mcu.externaltools.gnu-tools-for-stm32.12.3.rel1.win32_1.0.100.202403111256/tools/bin/../lib/gcc/arm-none-eabi/12.3.1/../../../../arm-none-eabi/lib/thumb/v7e-m+fp/hard\libc_nano.a(libc_a-lock.o)
                0x200003b4                __lock___malloc_recursive_mutex
 *fill*         0x200003b5        0x3 
 .bss.__malloc_sbrk_start
                0x200003b8        0x4 C:/ST/STM32CubeIDE_1.13.1/STM32CubeIDE/plugins/com.st.stm32cube.ide.mcu.externaltools.gnu-tools-for-stm32.12.3.rel1.win32_1.0.100.202403111256/tools/bin/../lib/gcc/arm-none-eabi/12.3.1/../../../../arm-none-eabi/lib/thumb/v7e-m+fp/hard\libc_nano.a(libc_a-mallocr.o)
                0x200003b8                __malloc_sbrk_start
 .bss.__malloc_free_list
                0x200003bc        0x4 C:/ST/STM32CubeIDE_1.13.1/STM32CubeIDE/plugins/com.st.stm32cube.ide.mcu.externaltools.gnu-tools-for-stm32.12.3.rel1.win32_1.0.100.202403111256/tools/bin/../lib/gcc/arm-none-eabi/12.3.1/../../../../arm-none-eabi/lib/thumb/v7e-m+fp/hard\libc_nano.a(libc_a-mallocr.o)
                0x200003bc                __malloc_free_list
 *(COMMON)
                0x200003c0                        . = ALIGN (0x4)
                0x200003c0                        _ebss = .
                0x200003c0                        __bss_end__ = _ebss

._user_heap_stack
                0x200003c0      0x600
                0x200003c0                        . = ALIGN (0x8)
                [!provide]                        PROVIDE (end = .)
                0x200003c0                        PROVIDE (_end = .)
                0x200005c0                        . = (. + _Min_Heap_Size)
 *fill*         0x200003c0      0x200 
                0x200009c0                        . = (. + _Min_Stack_Size)
 *fill*         0x200005c0      0x400 
                0x200009c0                        . = ALIGN (0x8)

/DISCARD/
 libc.a(*)
 libm.a(*)
 libgcc.a(*)

.ARM.attributes
                0x00000000       0x30
 *(.ARM.attributes)
 .ARM.attributes
                0x00000000       0x22 C:/ST/STM32CubeIDE_1.13.1/STM32CubeIDE/plugins/com.st.stm32cube.ide.mcu.externaltools.gnu-tools-for-stm32.12.3.rel1.win32_1.0.100.202403111256/tools/bin/../lib/gcc/arm-none-eabi/12.3.1/thumb/v7e-m+fp/hard/crti.o
 .ARM.attributes
                0x00000022       0x34 C:/ST/STM32CubeIDE_1.13.1/STM32CubeIDE/plugins/com.st.stm32cube.ide.mcu.externaltools.gnu-tools-for-stm32.12.3.rel1.win32_1.0.100.202403111256/tools/bin/../lib/gcc/arm-none-eabi/12.3.1/thumb/v7e-m+fp/hard/crtbegin.o
 .ARM.attributes
                0x00000056       0x34 ./Core/Src/fsm_automatic.o
 .ARM.attributes
                0x0000008a       0x34 ./Core/Src/fsm_manual.o
 .ARM.attributes
                0x000000be       0x34 ./Core/Src/global.o
 .ARM.attributes
                0x000000f2       0x34 ./Core/Src/input_processing.o
 .ARM.attributes
                0x00000126       0x34 ./Core/Src/input_reading.o
 .ARM.attributes
                0x0000015a       0x34 ./Core/Src/main.o
 .ARM.attributes
                0x0000018e       0x34 ./Core/Src/scheduler.o
 .ARM.attributes
                0x000001c2       0x34 ./Core/Src/stm32f4xx_hal_msp.o
 .ARM.attributes
                0x000001f6       0x34 ./Core/Src/stm32f4xx_it.o
 .ARM.attributes
                0x0000022a       0x34 ./Core/Src/sysmem.o
 .ARM.attributes
                0x0000025e       0x34 ./Core/Src/system_stm32f4xx.o
 .ARM.attributes
                0x00000292       0x34 ./Core/Src/timer.o
 .ARM.attributes
                0x000002c6       0x34 ./Core/Src/wake.o
 .ARM.attributes
                0x000002fa       0x21 ./Core/Startup/startup_stm32f407vgtx.o
 .ARM.attributes
                0x0000031b       0x34 ./Drivers/STM32F4xx_HAL_Driver/Src/stm32f4xx_hal.o
 .ARM.attributes
                0x0000034f       0x34 ./Drivers/STM32F4xx_HAL_Driver/Src/stm32f4xx_hal_cortex.o
 .ARM.attributes
                0x00000383       0x34 ./Drivers/STM32F4xx_HAL_Driver/Src/stm32f4xx_hal_dma.o
 .ARM.attributes
                0x000003b7       0x34 ./Drivers/STM32F4xx_HAL_Driver/Src/stm32f4xx_hal_gpio.o
 .ARM.attributes
                0x000003eb       0x34 ./Drivers/STM32F4xx_HAL_Driver/Src/stm32f4xx_hal_pwr.o
 .ARM.attributes
                0x0000041f       0x34 ./Drivers/STM32F4xx_HAL_Driver/Src/stm32f4xx_hal_rcc.o
 .ARM.attributes
                0x00000453       0x34 ./Drivers/STM32F4xx_HAL_Driver/Src/stm32f4xx_hal_tim.o
 .ARM.attributes
                0x00000487       0x34 ./Drivers/STM32F4xx_HAL_Driver/Src/stm32f4xx_hal_tim_ex.o
 .ARM.attributes
                0x000004bb       0x34 ./Drivers/STM32F4xx_HAL_Driver/Src/stm32f4xx_hal_uart.o
 .ARM.attributes
                0x000004ef       0x34 C:/ST/STM32CubeIDE_1.13.1/STM32CubeIDE/plugins/com.st.stm32cube.ide.mcu.externaltools.gnu-tools-for-stm32.12.3.rel1.win32_1.0.100.202403111256/tools/bin/../lib/gcc/arm-none-eabi/12.3.1/../../../../arm-none-eabi/lib/thumb/v7e-m+fp/hard\libc_nano.a(libc_a-findfp.o)
 .ARM.attributes
                0x00000523       0x34 C:/ST/STM32CubeIDE_1.13.1/STM32CubeIDE/plugins/com.st.stm32cube.ide.mcu.externaltools.gnu-tools-for-stm32.12.3.rel1.win32_1.0.100.202403111256/tools/bin/../lib/gcc/arm-none-eabi/12.3.1/../../../../arm-none-eabi/lib/thumb/v7e-m+fp/hard\libc_nano.a(libc_a-sprintf.o)
 .ARM.attributes
                0x00000557       0x34 C:/ST/STM32CubeIDE_1.13.1/STM32CubeIDE/plugins/com.st.stm32cube.ide.mcu.externaltools.gnu-tools-for-stm32.12.3.rel1.win32_1.0.100.202403111256/tools/bin/../lib/gcc/arm-none-eabi/12.3.1/../../../../arm-none-eabi/lib/thumb/v7e-m+fp/hard\libc_nano.a(libc_a-sscanf.o)
 .ARM.attributes
                0x0000058b       0x34 C:/ST/STM32CubeIDE_1.13.1/STM32CubeIDE/plugins/com.st.stm32cube.ide.mcu.externaltools.gnu-tools-for-stm32.12.3.rel1.win32_1.0.100.202403111256/tools/bin/../lib/gcc/arm-none-eabi/12.3.1/../../../../arm-none-eabi/lib/thumb/v7e-m+fp/hard\libc_nano.a(libc_a-stdio.o)
 .ARM.attributes
                0x000005bf       0x34 C:/ST/STM32CubeIDE_1.13.1/STM32CubeIDE/plugins/com.st.stm32cube.ide.mcu.externaltools.gnu-tools-for-stm32.12.3.rel1.win32_1.0.100.202403111256/tools/bin/../lib/gcc/arm-none-eabi/12.3.1/../../../../arm-none-eabi/lib/thumb/v7e-m+fp/hard\libc_nano.a(libc_a-memset.o)
 .ARM.attributes
                0x000005f3       0x34 C:/ST/STM32CubeIDE_1.13.1/STM32CubeIDE/plugins/com.st.stm32cube.ide.mcu.externaltools.gnu-tools-for-stm32.12.3.rel1.win32_1.0.100.202403111256/tools/bin/../lib/gcc/arm-none-eabi/12.3.1/../../../../arm-none-eabi/lib/thumb/v7e-m+fp/hard\libc_nano.a(libc_a-reent.o)
 .ARM.attributes
                0x00000627       0x34 C:/ST/STM32CubeIDE_1.13.1/STM32CubeIDE/plugins/com.st.stm32cube.ide.mcu.externaltools.gnu-tools-for-stm32.12.3.rel1.win32_1.0.100.202403111256/tools/bin/../lib/gcc/arm-none-eabi/12.3.1/../../../../arm-none-eabi/lib/thumb/v7e-m+fp/hard\libc_nano.a(libc_a-impure.o)
 .ARM.attributes
                0x0000065b       0x34 C:/ST/STM32CubeIDE_1.13.1/STM32CubeIDE/plugins/com.st.stm32cube.ide.mcu.externaltools.gnu-tools-for-stm32.12.3.rel1.win32_1.0.100.202403111256/tools/bin/../lib/gcc/arm-none-eabi/12.3.1/../../../../arm-none-eabi/lib/thumb/v7e-m+fp/hard\libc_nano.a(libc_a-errno.o)
 .ARM.attributes
                0x0000068f       0x34 C:/ST/STM32CubeIDE_1.13.1/STM32CubeIDE/plugins/com.st.stm32cube.ide.mcu.externaltools.gnu-tools-for-stm32.12.3.rel1.win32_1.0.100.202403111256/tools/bin/../lib/gcc/arm-none-eabi/12.3.1/../../../../arm-none-eabi/lib/thumb/v7e-m+fp/hard\libc_nano.a(libc_a-init.o)
 .ARM.attributes
                0x000006c3       0x34 C:/ST/STM32CubeIDE_1.13.1/STM32CubeIDE/plugins/com.st.stm32cube.ide.mcu.externaltools.gnu-tools-for-stm32.12.3.rel1.win32_1.0.100.202403111256/tools/bin/../lib/gcc/arm-none-eabi/12.3.1/../../../../arm-none-eabi/lib/thumb/v7e-m+fp/hard\libc_nano.a(libc_a-lock.o)
 .ARM.attributes
                0x000006f7       0x17 C:/ST/STM32CubeIDE_1.13.1/STM32CubeIDE/plugins/com.st.stm32cube.ide.mcu.externaltools.gnu-tools-for-stm32.12.3.rel1.win32_1.0.100.202403111256/tools/bin/../lib/gcc/arm-none-eabi/12.3.1/../../../../arm-none-eabi/lib/thumb/v7e-m+fp/hard\libc_nano.a(libc_a-strlen.o)
 .ARM.attributes
                0x0000070e       0x34 C:/ST/STM32CubeIDE_1.13.1/STM32CubeIDE/plugins/com.st.stm32cube.ide.mcu.externaltools.gnu-tools-for-stm32.12.3.rel1.win32_1.0.100.202403111256/tools/bin/../lib/gcc/arm-none-eabi/12.3.1/../../../../arm-none-eabi/lib/thumb/v7e-m+fp/hard\libc_nano.a(libc_a-freer.o)
 .ARM.attributes
                0x00000742       0x34 C:/ST/STM32CubeIDE_1.13.1/STM32CubeIDE/plugins/com.st.stm32cube.ide.mcu.externaltools.gnu-tools-for-stm32.12.3.rel1.win32_1.0.100.202403111256/tools/bin/../lib/gcc/arm-none-eabi/12.3.1/../../../../arm-none-eabi/lib/thumb/v7e-m+fp/hard\libc_nano.a(libc_a-mallocr.o)
 .ARM.attributes
                0x00000776       0x34 C:/ST/STM32CubeIDE_1.13.1/STM32CubeIDE/plugins/com.st.stm32cube.ide.mcu.externaltools.gnu-tools-for-stm32.12.3.rel1.win32_1.0.100.202403111256/tools/bin/../lib/gcc/arm-none-eabi/12.3.1/../../../../arm-none-eabi/lib/thumb/v7e-m+fp/hard\libc_nano.a(libc_a-mlock.o)
 .ARM.attributes
                0x000007aa       0x34 C:/ST/STM32CubeIDE_1.13.1/STM32CubeIDE/plugins/com.st.stm32cube.ide.mcu.externaltools.gnu-tools-for-stm32.12.3.rel1.win32_1.0.100.202403111256/tools/bin/../lib/gcc/arm-none-eabi/12.3.1/../../../../arm-none-eabi/lib/thumb/v7e-m+fp/hard\libc_nano.a(libc_a-nano-svfprintf.o)
 .ARM.attributes
                0x000007de       0x34 C:/ST/STM32CubeIDE_1.13.1/STM32CubeIDE/plugins/com.st.stm32cube.ide.mcu.externaltools.gnu-tools-for-stm32.12.3.rel1.win32_1.0.100.202403111256/tools/bin/../lib/gcc/arm-none-eabi/12.3.1/../../../../arm-none-eabi/lib/thumb/v7e-m+fp/hard\libc_nano.a(libc_a-nano-svfscanf.o)
 .ARM.attributes
                0x00000812       0x34 C:/ST/STM32CubeIDE_1.13.1/STM32CubeIDE/plugins/com.st.stm32cube.ide.mcu.externaltools.gnu-tools-for-stm32.12.3.rel1.win32_1.0.100.202403111256/tools/bin/../lib/gcc/arm-none-eabi/12.3.1/../../../../arm-none-eabi/lib/thumb/v7e-m+fp/hard\libc_nano.a(libc_a-nano-vfprintf_i.o)
 .ARM.attributes
                0x00000846       0x34 C:/ST/STM32CubeIDE_1.13.1/STM32CubeIDE/plugins/com.st.stm32cube.ide.mcu.externaltools.gnu-tools-for-stm32.12.3.rel1.win32_1.0.100.202403111256/tools/bin/../lib/gcc/arm-none-eabi/12.3.1/../../../../arm-none-eabi/lib/thumb/v7e-m+fp/hard\libc_nano.a(libc_a-nano-vfscanf_i.o)
 .ARM.attributes
                0x0000087a       0x34 C:/ST/STM32CubeIDE_1.13.1/STM32CubeIDE/plugins/com.st.stm32cube.ide.mcu.externaltools.gnu-tools-for-stm32.12.3.rel1.win32_1.0.100.202403111256/tools/bin/../lib/gcc/arm-none-eabi/12.3.1/../../../../arm-none-eabi/lib/thumb/v7e-m+fp/hard\libc_nano.a(libc_a-sccl.o)
 .ARM.attributes
                0x000008ae       0x34 C:/ST/STM32CubeIDE_1.13.1/STM32CubeIDE/plugins/com.st.stm32cube.ide.mcu.externaltools.gnu-tools-for-stm32.12.3.rel1.win32_1.0.100.202403111256/tools/bin/../lib/gcc/arm-none-eabi/12.3.1/../../../../arm-none-eabi/lib/thumb/v7e-m+fp/hard\libc_nano.a(libc_a-ungetc.o)
 .ARM.attributes
                0x000008e2       0x34 C:/ST/STM32CubeIDE_1.13.1/STM32CubeIDE/plugins/com.st.stm32cube.ide.mcu.externaltools.gnu-tools-for-stm32.12.3.rel1.win32_1.0.100.202403111256/tools/bin/../lib/gcc/arm-none-eabi/12.3.1/../../../../arm-none-eabi/lib/thumb/v7e-m+fp/hard\libc_nano.a(libc_a-memmove.o)
 .ARM.attributes
                0x00000916       0x34 C:/ST/STM32CubeIDE_1.13.1/STM32CubeIDE/plugins/com.st.stm32cube.ide.mcu.externaltools.gnu-tools-for-stm32.12.3.rel1.win32_1.0.100.202403111256/tools/bin/../lib/gcc/arm-none-eabi/12.3.1/../../../../arm-none-eabi/lib/thumb/v7e-m+fp/hard\libc_nano.a(libc_a-sbrkr.o)
 .ARM.attributes
                0x0000094a       0x1c C:/ST/STM32CubeIDE_1.13.1/STM32CubeIDE/plugins/com.st.stm32cube.ide.mcu.externaltools.gnu-tools-for-stm32.12.3.rel1.win32_1.0.100.202403111256/tools/bin/../lib/gcc/arm-none-eabi/12.3.1/../../../../arm-none-eabi/lib/thumb/v7e-m+fp/hard\libc_nano.a(libc_a-memchr.o)
 .ARM.attributes
                0x00000966       0x34 C:/ST/STM32CubeIDE_1.13.1/STM32CubeIDE/plugins/com.st.stm32cube.ide.mcu.externaltools.gnu-tools-for-stm32.12.3.rel1.win32_1.0.100.202403111256/tools/bin/../lib/gcc/arm-none-eabi/12.3.1/../../../../arm-none-eabi/lib/thumb/v7e-m+fp/hard\libc_nano.a(libc_a-memcpy-stub.o)
 .ARM.attributes
                0x0000099a       0x34 C:/ST/STM32CubeIDE_1.13.1/STM32CubeIDE/plugins/com.st.stm32cube.ide.mcu.externaltools.gnu-tools-for-stm32.12.3.rel1.win32_1.0.100.202403111256/tools/bin/../lib/gcc/arm-none-eabi/12.3.1/../../../../arm-none-eabi/lib/thumb/v7e-m+fp/hard\libc_nano.a(libc_a-reallocr.o)
 .ARM.attributes
                0x000009ce       0x34 C:/ST/STM32CubeIDE_1.13.1/STM32CubeIDE/plugins/com.st.stm32cube.ide.mcu.externaltools.gnu-tools-for-stm32.12.3.rel1.win32_1.0.100.202403111256/tools/bin/../lib/gcc/arm-none-eabi/12.3.1/../../../../arm-none-eabi/lib/thumb/v7e-m+fp/hard\libc_nano.a(libc_a-strtol.o)
 .ARM.attributes
                0x00000a02       0x34 C:/ST/STM32CubeIDE_1.13.1/STM32CubeIDE/plugins/com.st.stm32cube.ide.mcu.externaltools.gnu-tools-for-stm32.12.3.rel1.win32_1.0.100.202403111256/tools/bin/../lib/gcc/arm-none-eabi/12.3.1/../../../../arm-none-eabi/lib/thumb/v7e-m+fp/hard\libc_nano.a(libc_a-strtoul.o)
 .ARM.attributes
                0x00000a36       0x34 C:/ST/STM32CubeIDE_1.13.1/STM32CubeIDE/plugins/com.st.stm32cube.ide.mcu.externaltools.gnu-tools-for-stm32.12.3.rel1.win32_1.0.100.202403111256/tools/bin/../lib/gcc/arm-none-eabi/12.3.1/../../../../arm-none-eabi/lib/thumb/v7e-m+fp/hard\libc_nano.a(libc_a-ctype_.o)
 .ARM.attributes
                0x00000a6a       0x34 C:/ST/STM32CubeIDE_1.13.1/STM32CubeIDE/plugins/com.st.stm32cube.ide.mcu.externaltools.gnu-tools-for-stm32.12.3.rel1.win32_1.0.100.202403111256/tools/bin/../lib/gcc/arm-none-eabi/12.3.1/../../../../arm-none-eabi/lib/thumb/v7e-m+fp/hard\libc_nano.a(libc_a-msizer.o)
 .ARM.attributes
                0x00000a9e       0x22 C:/ST/STM32CubeIDE_1.13.1/STM32CubeIDE/plugins/com.st.stm32cube.ide.mcu.externaltools.gnu-tools-for-stm32.12.3.rel1.win32_1.0.100.202403111256/tools/bin/../lib/gcc/arm-none-eabi/12.3.1/thumb/v7e-m+fp/hard\libgcc.a(_aeabi_uldivmod.o)
 .ARM.attributes
                0x00000ac0       0x34 C:/ST/STM32CubeIDE_1.13.1/STM32CubeIDE/plugins/com.st.stm32cube.ide.mcu.externaltools.gnu-tools-for-stm32.12.3.rel1.win32_1.0.100.202403111256/tools/bin/../lib/gcc/arm-none-eabi/12.3.1/thumb/v7e-m+fp/hard\libgcc.a(_udivmoddi4.o)
 .ARM.attributes
                0x00000af4       0x22 C:/ST/STM32CubeIDE_1.13.1/STM32CubeIDE/plugins/com.st.stm32cube.ide.mcu.externaltools.gnu-tools-for-stm32.12.3.rel1.win32_1.0.100.202403111256/tools/bin/../lib/gcc/arm-none-eabi/12.3.1/thumb/v7e-m+fp/hard\libgcc.a(_dvmd_tls.o)
 .ARM.attributes
                0x00000b16       0x22 C:/ST/STM32CubeIDE_1.13.1/STM32CubeIDE/plugins/com.st.stm32cube.ide.mcu.externaltools.gnu-tools-for-stm32.12.3.rel1.win32_1.0.100.202403111256/tools/bin/../lib/gcc/arm-none-eabi/12.3.1/thumb/v7e-m+fp/hard/crtn.o
OUTPUT(Traffic.elf elf32-littlearm)
LOAD linker stubs
LOAD C:/ST/STM32CubeIDE_1.13.1/STM32CubeIDE/plugins/com.st.stm32cube.ide.mcu.externaltools.gnu-tools-for-stm32.12.3.rel1.win32_1.0.100.202403111256/tools/bin/../lib/gcc/arm-none-eabi/12.3.1/../../../../arm-none-eabi/lib/thumb/v7e-m+fp/hard\libc.a
LOAD C:/ST/STM32CubeIDE_1.13.1/STM32CubeIDE/plugins/com.st.stm32cube.ide.mcu.externaltools.gnu-tools-for-stm32.12.3.rel1.win32_1.0.100.202403111256/tools/bin/../lib/gcc/arm-none-eabi/12.3.1/../../../../arm-none-eabi/lib/thumb/v7e-m+fp/hard\libm.a
LOAD C:/ST/STM32CubeIDE_1.13.1/STM32CubeIDE/plugins/com.st.stm32cube.ide.mcu.externaltools.gnu-tools-for-stm32.12.3.rel1.win32_1.0.100.202403111256/tools/bin/../lib/gcc/arm-none-eabi/12.3.1/thumb/v7e-m+fp/hard\libgcc.a

.debug_info     0x00000000     0xf5d7
 .debug_info    0x00000000      0x101 ./Core/Src/fsm_automatic.o
 .debug_info    0x00000101      0x104 ./Core/Src/fsm_manual.o
 .debug_info    0x00000205      0x2b9 ./Core/Src/global.o
 .debug_info    0x000004be      0x703 ./Core/Src/input_processing.o
 .debug_info    0x00000bc1      0x2d5 ./Core/Src/input_reading.o
 .debug_info    0x00000e96     0x1202 ./Core/Src/main.o
 .debug_info    0x00002098      0x2a5 ./Core/Src/scheduler.o
 .debug_info    0x0000233d      0xf36 ./Core/Src/stm32f4xx_hal_msp.o
 .debug_info    0x00003273      0x98d ./Core/Src/stm32f4xx_it.o
 .debug_info    0x00003c00      0x168 ./Core/Src/sysmem.o
 .debug_info    0x00003d68      0x512 ./Core/Src/system_stm32f4xx.o
 .debug_info    0x0000427a      0x299 ./Core/Src/timer.o
 .debug_info    0x00004513      0xcde ./Core/Src/wake.o
 .debug_info    0x000051f1       0x30 ./Core/Startup/startup_stm32f407vgtx.o
 .debug_info    0x00005221      0x944 ./Drivers/STM32F4xx_HAL_Driver/Src/stm32f4xx_hal.o
 .debug_info    0x00005b65      0xd57 ./Drivers/STM32F4xx_HAL_Driver/Src/stm32f4xx_hal_cortex.o
 .debug_info    0x000068bc      0x8e7 ./Drivers/STM32F4xx_HAL_Driver/Src/stm32f4xx_hal_dma.o
 .debug_info    0x000071a3      0x6c3 ./Drivers/STM32F4xx_HAL_Driver/Src/stm32f4xx_hal_gpio.o
 .debug_info    0x00007866      0x6f9 ./Drivers/STM32F4xx_HAL_Driver/Src/stm32f4xx_hal_pwr.o
 .debug_info    0x00007f5f      0x8b1 ./Drivers/STM32F4xx_HAL_Driver/Src/stm32f4xx_hal_rcc.o
 .debug_info    0x00008810     0x299d ./Drivers/STM32F4xx_HAL_Driver/Src/stm32f4xx_hal_tim.o
 .debug_info    0x0000b1ad     0x14db ./Drivers/STM32F4xx_HAL_Driver/Src/stm32f4xx_hal_tim_ex.o
 .debug_info    0x0000c688     0x2f4f ./Drivers/STM32F4xx_HAL_Driver/Src/stm32f4xx_hal_uart.o

.debug_abbrev   0x00000000     0x2857
 .debug_abbrev  0x00000000       0xa0 ./Core/Src/fsm_automatic.o
 .debug_abbrev  0x000000a0       0x8e ./Core/Src/fsm_manual.o
 .debug_abbrev  0x0000012e      0x12b ./Core/Src/global.o
 .debug_abbrev  0x00000259      0x1b7 ./Core/Src/input_processing.o
 .debug_abbrev  0x00000410      0x151 ./Core/Src/input_reading.o
 .debug_abbrev  0x00000561      0x332 ./Core/Src/main.o
 .debug_abbrev  0x00000893      0x16c ./Core/Src/scheduler.o
 .debug_abbrev  0x000009ff      0x1de ./Core/Src/stm32f4xx_hal_msp.o
 .debug_abbrev  0x00000bdd      0x19b ./Core/Src/stm32f4xx_it.o
 .debug_abbrev  0x00000d78       0xbc ./Core/Src/sysmem.o
 .debug_abbrev  0x00000e34      0x11a ./Core/Src/system_stm32f4xx.o
 .debug_abbrev  0x00000f4e       0xd3 ./Core/Src/timer.o
 .debug_abbrev  0x00001021      0x243 ./Core/Src/wake.o
 .debug_abbrev  0x00001264       0x24 ./Core/Startup/startup_stm32f407vgtx.o
 .debug_abbrev  0x00001288      0x214 ./Drivers/STM32F4xx_HAL_Driver/Src/stm32f4xx_hal.o
 .debug_abbrev  0x0000149c      0x328 ./Drivers/STM32F4xx_HAL_Driver/Src/stm32f4xx_hal_cortex.o
 .debug_abbrev  0x000017c4      0x264 ./Drivers/STM32F4xx_HAL_Driver/Src/stm32f4xx_hal_dma.o
 .debug_abbrev  0x00001a28      0x1d4 ./Drivers/STM32F4xx_HAL_Driver/Src/stm32f4xx_hal_gpio.o
 .debug_abbrev  0x00001bfc      0x19c ./Drivers/STM32F4xx_HAL_Driver/Src/stm32f4xx_hal_pwr.o
 .debug_abbrev  0x00001d98      0x2b6 ./Drivers/STM32F4xx_HAL_Driver/Src/stm32f4xx_hal_rcc.o
 .debug_abbrev  0x0000204e      0x278 ./Drivers/STM32F4xx_HAL_Driver/Src/stm32f4xx_hal_tim.o
 .debug_abbrev  0x000022c6      0x283 ./Drivers/STM32F4xx_HAL_Driver/Src/stm32f4xx_hal_tim_ex.o
 .debug_abbrev  0x00002549      0x30e ./Drivers/STM32F4xx_HAL_Driver/Src/stm32f4xx_hal_uart.o

.debug_aranges  0x00000000      0xed0
 .debug_aranges
                0x00000000       0x20 ./Core/Src/fsm_automatic.o
 .debug_aranges
                0x00000020       0x30 ./Core/Src/fsm_manual.o
 .debug_aranges
                0x00000050       0x78 ./Core/Src/global.o
 .debug_aranges
                0x000000c8       0x20 ./Core/Src/input_processing.o
 .debug_aranges
                0x000000e8       0x30 ./Core/Src/input_reading.o
 .debug_aranges
                0x00000118       0x58 ./Core/Src/main.o
 .debug_aranges
                0x00000170       0x48 ./Core/Src/scheduler.o
 .debug_aranges
                0x000001b8       0x40 ./Core/Src/stm32f4xx_hal_msp.o
 .debug_aranges
                0x000001f8       0x70 ./Core/Src/stm32f4xx_it.o
 .debug_aranges
                0x00000268       0x20 ./Core/Src/sysmem.o
 .debug_aranges
                0x00000288       0x28 ./Core/Src/system_stm32f4xx.o
 .debug_aranges
                0x000002b0       0x58 ./Core/Src/timer.o
 .debug_aranges
                0x00000308       0x40 ./Core/Src/wake.o
 .debug_aranges
                0x00000348       0x28 ./Core/Startup/startup_stm32f407vgtx.o
 .debug_aranges
                0x00000370       0xf0 ./Drivers/STM32F4xx_HAL_Driver/Src/stm32f4xx_hal.o
 .debug_aranges
                0x00000460      0x120 ./Drivers/STM32F4xx_HAL_Driver/Src/stm32f4xx_hal_cortex.o
 .debug_aranges
                0x00000580       0x90 ./Drivers/STM32F4xx_HAL_Driver/Src/stm32f4xx_hal_dma.o
 .debug_aranges
                0x00000610       0x58 ./Drivers/STM32F4xx_HAL_Driver/Src/stm32f4xx_hal_gpio.o
 .debug_aranges
                0x00000668       0xa0 ./Drivers/STM32F4xx_HAL_Driver/Src/stm32f4xx_hal_pwr.o
 .debug_aranges
                0x00000708       0x88 ./Drivers/STM32F4xx_HAL_Driver/Src/stm32f4xx_hal_rcc.o
 .debug_aranges
                0x00000790      0x3d0 ./Drivers/STM32F4xx_HAL_Driver/Src/stm32f4xx_hal_tim.o
 .debug_aranges
                0x00000b60      0x168 ./Drivers/STM32F4xx_HAL_Driver/Src/stm32f4xx_hal_tim_ex.o
 .debug_aranges
                0x00000cc8      0x208 ./Drivers/STM32F4xx_HAL_Driver/Src/stm32f4xx_hal_uart.o

.debug_rnglists
                0x00000000      0xb63
 .debug_rnglists
                0x00000000       0x14 ./Core/Src/fsm_automatic.o
 .debug_rnglists
                0x00000014       0x1f ./Core/Src/fsm_manual.o
 .debug_rnglists
                0x00000033       0x56 ./Core/Src/global.o
 .debug_rnglists
                0x00000089       0x14 ./Core/Src/input_processing.o
 .debug_rnglists
                0x0000009d       0x20 ./Core/Src/input_reading.o
 .debug_rnglists
                0x000000bd       0x41 ./Core/Src/main.o
 .debug_rnglists
                0x000000fe       0x34 ./Core/Src/scheduler.o
 .debug_rnglists
                0x00000132       0x2c ./Core/Src/stm32f4xx_hal_msp.o
 .debug_rnglists
                0x0000015e       0x4f ./Core/Src/stm32f4xx_it.o
 .debug_rnglists
                0x000001ad       0x13 ./Core/Src/sysmem.o
 .debug_rnglists
                0x000001c0       0x1a ./Core/Src/system_stm32f4xx.o
 .debug_rnglists
                0x000001da       0x3e ./Core/Src/timer.o
 .debug_rnglists
                0x00000218       0x2b ./Core/Src/wake.o
 .debug_rnglists
                0x00000243       0x19 ./Core/Startup/startup_stm32f407vgtx.o
 .debug_rnglists
                0x0000025c       0xaf ./Drivers/STM32F4xx_HAL_Driver/Src/stm32f4xx_hal.o
 .debug_rnglists
                0x0000030b       0xd4 ./Drivers/STM32F4xx_HAL_Driver/Src/stm32f4xx_hal_cortex.o
 .debug_rnglists
                0x000003df       0x70 ./Drivers/STM32F4xx_HAL_Driver/Src/stm32f4xx_hal_dma.o
 .debug_rnglists
                0x0000044f       0x3f ./Drivers/STM32F4xx_HAL_Driver/Src/stm32f4xx_hal_gpio.o
 .debug_rnglists
                0x0000048e       0x74 ./Drivers/STM32F4xx_HAL_Driver/Src/stm32f4xx_hal_pwr.o
 .debug_rnglists
                0x00000502       0x66 ./Drivers/STM32F4xx_HAL_Driver/Src/stm32f4xx_hal_rcc.o
 .debug_rnglists
                0x00000568      0x31a ./Drivers/STM32F4xx_HAL_Driver/Src/stm32f4xx_hal_tim.o
 .debug_rnglists
                0x00000882      0x125 ./Drivers/STM32F4xx_HAL_Driver/Src/stm32f4xx_hal_tim_ex.o
 .debug_rnglists
                0x000009a7      0x1bc ./Drivers/STM32F4xx_HAL_Driver/Src/stm32f4xx_hal_uart.o

.debug_macro    0x00000000    0x22b17
 .debug_macro   0x00000000      0x22f ./Core/Src/fsm_automatic.o
 .debug_macro   0x0000022f      0xab4 ./Core/Src/fsm_automatic.o
 .debug_macro   0x00000ce3      0x29b ./Core/Src/fsm_automatic.o
 .debug_macro   0x00000f7e       0x2e ./Core/Src/fsm_automatic.o
 .debug_macro   0x00000fac       0x2f ./Core/Src/fsm_automatic.o
 .debug_macro   0x00000fdb       0x22 ./Core/Src/fsm_automatic.o
 .debug_macro   0x00000ffd       0x8e ./Core/Src/fsm_automatic.o
 .debug_macro   0x0000108b       0x51 ./Core/Src/fsm_automatic.o
 .debug_macro   0x000010dc      0x103 ./Core/Src/fsm_automatic.o
 .debug_macro   0x000011df       0x6a ./Core/Src/fsm_automatic.o
 .debug_macro   0x00001249      0x1df ./Core/Src/fsm_automatic.o
 .debug_macro   0x00001428       0x1c ./Core/Src/fsm_automatic.o
 .debug_macro   0x00001444       0x22 ./Core/Src/fsm_automatic.o
 .debug_macro   0x00001466       0xfb ./Core/Src/fsm_automatic.o
 .debug_macro   0x00001561     0x1011 ./Core/Src/fsm_automatic.o
 .debug_macro   0x00002572      0x11f ./Core/Src/fsm_automatic.o
 .debug_macro   0x00002691    0x15e97 ./Core/Src/fsm_automatic.o
 .debug_macro   0x00018528       0x6d ./Core/Src/fsm_automatic.o
 .debug_macro   0x00018595     0x368c ./Core/Src/fsm_automatic.o
 .debug_macro   0x0001bc21      0x189 ./Core/Src/fsm_automatic.o
 .debug_macro   0x0001bdaa       0x5c ./Core/Src/fsm_automatic.o
 .debug_macro   0x0001be06      0x980 ./Core/Src/fsm_automatic.o
 .debug_macro   0x0001c786      0x9e9 ./Core/Src/fsm_automatic.o
 .debug_macro   0x0001d16f      0x115 ./Core/Src/fsm_automatic.o
 .debug_macro   0x0001d284      0x13e ./Core/Src/fsm_automatic.o
 .debug_macro   0x0001d3c2       0xa5 ./Core/Src/fsm_automatic.o
 .debug_macro   0x0001d467      0x174 ./Core/Src/fsm_automatic.o
 .debug_macro   0x0001d5db      0x287 ./Core/Src/fsm_automatic.o
 .debug_macro   0x0001d862       0x5f ./Core/Src/fsm_automatic.o
 .debug_macro   0x0001d8c1      0x236 ./Core/Src/fsm_automatic.o
 .debug_macro   0x0001daf7      0x12c ./Core/Src/fsm_automatic.o
 .debug_macro   0x0001dc23      0x21e ./Core/Src/fsm_automatic.o
 .debug_macro   0x0001de41       0x2e ./Core/Src/fsm_automatic.o
 .debug_macro   0x0001de6f      0x127 ./Core/Src/fsm_automatic.o
 .debug_macro   0x0001df96       0x7e ./Core/Src/fsm_automatic.o
 .debug_macro   0x0001e014       0x89 ./Core/Src/fsm_automatic.o
 .debug_macro   0x0001e09d      0x8ed ./Core/Src/fsm_automatic.o
 .debug_macro   0x0001e98a       0x4d ./Core/Src/fsm_automatic.o
 .debug_macro   0x0001e9d7      0x2aa ./Core/Src/fsm_automatic.o
 .debug_macro   0x0001ec81      0x12d ./Core/Src/fsm_automatic.o
 .debug_macro   0x0001edae       0x64 ./Core/Src/fsm_automatic.o
 .debug_macro   0x0001ee12       0x16 ./Core/Src/fsm_automatic.o
 .debug_macro   0x0001ee28      0x223 ./Core/Src/fsm_automatic.o
 .debug_macro   0x0001f04b      0x22f ./Core/Src/fsm_manual.o
 .debug_macro   0x0001f27a      0x22f ./Core/Src/global.o
 .debug_macro   0x0001f4a9      0x311 ./Core/Src/input_processing.o
 .debug_macro   0x0001f7ba       0x5b ./Core/Src/input_processing.o
 .debug_macro   0x0001f815       0x2a ./Core/Src/input_processing.o
 .debug_macro   0x0001f83f       0x94 ./Core/Src/input_processing.o
 .debug_macro   0x0001f8d3       0x43 ./Core/Src/input_processing.o
 .debug_macro   0x0001f916       0x34 ./Core/Src/input_processing.o
 .debug_macro   0x0001f94a       0x16 ./Core/Src/input_processing.o
 .debug_macro   0x0001f960       0x57 ./Core/Src/input_processing.o
 .debug_macro   0x0001f9b7       0x9e ./Core/Src/input_processing.o
 .debug_macro   0x0001fa55      0x369 ./Core/Src/input_processing.o
 .debug_macro   0x0001fdbe      0x10b ./Core/Src/input_processing.o
 .debug_macro   0x0001fec9       0x10 ./Core/Src/input_processing.o
 .debug_macro   0x0001fed9       0x16 ./Core/Src/input_processing.o
 .debug_macro   0x0001feef       0x43 ./Core/Src/input_processing.o
 .debug_macro   0x0001ff32       0x34 ./Core/Src/input_processing.o
 .debug_macro   0x0001ff66       0x10 ./Core/Src/input_processing.o
 .debug_macro   0x0001ff76       0x58 ./Core/Src/input_processing.o
 .debug_macro   0x0001ffce       0x8e ./Core/Src/input_processing.o
 .debug_macro   0x0002005c       0x1c ./Core/Src/input_processing.o
 .debug_macro   0x00020078      0x177 ./Core/Src/input_processing.o
 .debug_macro   0x000201ef       0x16 ./Core/Src/input_processing.o
 .debug_macro   0x00020205       0x16 ./Core/Src/input_processing.o
 .debug_macro   0x0002021b      0x146 ./Core/Src/input_processing.o
 .debug_macro   0x00020361       0x56 ./Core/Src/input_processing.o
 .debug_macro   0x000203b7      0x247 ./Core/Src/input_reading.o
 .debug_macro   0x000205fe      0x331 ./Core/Src/main.o
 .debug_macro   0x0002092f       0x61 ./Core/Src/main.o
 .debug_macro   0x00020990       0x10 ./Core/Src/main.o
 .debug_macro   0x000209a0       0x35 ./Core/Src/main.o
 .debug_macro   0x000209d5       0x20 ./Core/Src/main.o
 .debug_macro   0x000209f5       0x1c ./Core/Src/main.o
 .debug_macro   0x00020a11       0x1c ./Core/Src/main.o
 .debug_macro   0x00020a2d      0x233 ./Core/Src/scheduler.o
 .debug_macro   0x00020c60      0x22f ./Core/Src/stm32f4xx_hal_msp.o
 .debug_macro   0x00020e8f      0x239 ./Core/Src/stm32f4xx_it.o
 .debug_macro   0x000210c8       0xff ./Core/Src/sysmem.o
 .debug_macro   0x000211c7      0x23c ./Core/Src/sysmem.o
 .debug_macro   0x00021403      0x1ce ./Core/Src/system_stm32f4xx.o
 .debug_macro   0x000215d1      0x22f ./Core/Src/timer.o
 .debug_macro   0x00021800      0x22f ./Core/Src/wake.o
 .debug_macro   0x00021a2f      0x22e ./Drivers/STM32F4xx_HAL_Driver/Src/stm32f4xx_hal.o
 .debug_macro   0x00021c5d      0x1ce ./Drivers/STM32F4xx_HAL_Driver/Src/stm32f4xx_hal_cortex.o
 .debug_macro   0x00021e2b      0x1d4 ./Drivers/STM32F4xx_HAL_Driver/Src/stm32f4xx_hal_dma.o
 .debug_macro   0x00021fff      0x1d4 ./Drivers/STM32F4xx_HAL_Driver/Src/stm32f4xx_hal_gpio.o
 .debug_macro   0x000221d3      0x1e6 ./Drivers/STM32F4xx_HAL_Driver/Src/stm32f4xx_hal_pwr.o
 .debug_macro   0x000223b9      0x1f2 ./Drivers/STM32F4xx_HAL_Driver/Src/stm32f4xx_hal_rcc.o
 .debug_macro   0x000225ab      0x1cf ./Drivers/STM32F4xx_HAL_Driver/Src/stm32f4xx_hal_tim.o
 .debug_macro   0x0002277a      0x1ce ./Drivers/STM32F4xx_HAL_Driver/Src/stm32f4xx_hal_tim_ex.o
 .debug_macro   0x00022948      0x1cf ./Drivers/STM32F4xx_HAL_Driver/Src/stm32f4xx_hal_uart.o

.debug_line     0x00000000    0x139cd
 .debug_line    0x00000000      0x85d ./Core/Src/fsm_automatic.o
 .debug_line    0x0000085d      0x87a ./Core/Src/fsm_manual.o
 .debug_line    0x000010d7      0x93b ./Core/Src/global.o
 .debug_line    0x00001a12      0xb93 ./Core/Src/input_processing.o
 .debug_line    0x000025a5      0x857 ./Core/Src/input_reading.o
 .debug_line    0x00002dfc      0xb8d ./Core/Src/main.o
 .debug_line    0x00003989      0xae7 ./Core/Src/scheduler.o
 .debug_line    0x00004470      0x856 ./Core/Src/stm32f4xx_hal_msp.o
 .debug_line    0x00004cc6      0x8bd ./Core/Src/stm32f4xx_it.o
 .debug_line    0x00005583      0x583 ./Core/Src/sysmem.o
 .debug_line    0x00005b06      0x7d3 ./Core/Src/system_stm32f4xx.o
 .debug_line    0x000062d9      0x91f ./Core/Src/timer.o
 .debug_line    0x00006bf8      0x88a ./Core/Src/wake.o
 .debug_line    0x00007482       0x7a ./Core/Startup/startup_stm32f407vgtx.o
 .debug_line    0x000074fc      0xa3c ./Drivers/STM32F4xx_HAL_Driver/Src/stm32f4xx_hal.o
 .debug_line    0x00007f38      0xd04 ./Drivers/STM32F4xx_HAL_Driver/Src/stm32f4xx_hal_cortex.o
 .debug_line    0x00008c3c      0xfac ./Drivers/STM32F4xx_HAL_Driver/Src/stm32f4xx_hal_dma.o
 .debug_line    0x00009be8      0xbc8 ./Drivers/STM32F4xx_HAL_Driver/Src/stm32f4xx_hal_gpio.o
 .debug_line    0x0000a7b0      0x94e ./Drivers/STM32F4xx_HAL_Driver/Src/stm32f4xx_hal_pwr.o
 .debug_line    0x0000b0fe      0xdaf ./Drivers/STM32F4xx_HAL_Driver/Src/stm32f4xx_hal_rcc.o
 .debug_line    0x0000bead     0x37e0 ./Drivers/STM32F4xx_HAL_Driver/Src/stm32f4xx_hal_tim.o
 .debug_line    0x0000f68d     0x1a32 ./Drivers/STM32F4xx_HAL_Driver/Src/stm32f4xx_hal_tim_ex.o
 .debug_line    0x000110bf     0x290e ./Drivers/STM32F4xx_HAL_Driver/Src/stm32f4xx_hal_uart.o

.debug_str      0x00000000    0xcc3e7
 .debug_str     0x00000000    0xc4479 ./Core/Src/fsm_automatic.o
                              0xc46e8 (size before relaxing)
 .debug_str     0x000c4479       0x86 ./Core/Src/fsm_manual.o
                              0xc4705 (size before relaxing)
 .debug_str     0x000c44ff      0x10f ./Core/Src/global.o
                              0xc47f9 (size before relaxing)
 .debug_str     0x000c460e     0x3c2f ./Core/Src/input_processing.o
                              0xc8348 (size before relaxing)
 .debug_str     0x000c823d      0x133 ./Core/Src/input_reading.o
                              0xc485d (size before relaxing)
 .debug_str     0x000c8370      0x79c ./Core/Src/main.o
                              0xc8b3d (size before relaxing)
 .debug_str     0x000c8b0c       0xce ./Core/Src/scheduler.o
                              0xc47a7 (size before relaxing)
 .debug_str     0x000c8bda      0x5ca ./Core/Src/stm32f4xx_hal_msp.o
                              0xc552b (size before relaxing)
 .debug_str     0x000c91a4      0x112 ./Core/Src/stm32f4xx_it.o
                              0xc4ee4 (size before relaxing)
 .debug_str     0x000c92b6      0x4dc ./Core/Src/sysmem.o
                               0x60d3 (size before relaxing)
 .debug_str     0x000c9792       0xdb ./Core/Src/system_stm32f4xx.o
                              0xc3eb4 (size before relaxing)
 .debug_str     0x000c986d      0x100 ./Core/Src/timer.o
                              0xc47a3 (size before relaxing)
 .debug_str     0x000c996d       0xd5 ./Core/Src/wake.o
                              0xc51f5 (size before relaxing)
 .debug_str     0x000c9a42       0x44 ./Core/Startup/startup_stm32f407vgtx.o
                                 0x86 (size before relaxing)
 .debug_str     0x000c9a86      0x5db ./Drivers/STM32F4xx_HAL_Driver/Src/stm32f4xx_hal.o
                              0xc4a38 (size before relaxing)
 .debug_str     0x000ca061      0x2ff ./Drivers/STM32F4xx_HAL_Driver/Src/stm32f4xx_hal_cortex.o
                              0xc4782 (size before relaxing)
 .debug_str     0x000ca360      0x323 ./Drivers/STM32F4xx_HAL_Driver/Src/stm32f4xx_hal_dma.o
                              0xc42ce (size before relaxing)