../Core/Src/global.c:31:6:led_config	8	static
../Core/Src/global.c:72:6:off_all_leds_road_1	8	static
../Core/Src/global.c:79:6:off_all_leds_road_2	8	static
../Core/Src/global.c:85:6:on_red_road_1	8	static
../Core/Src/global.c:91:6:on_red_road_2	8	static
../Core/Src/global.c:97:6:on_yellow_road_1	8	static
../Core/Src/global.c:103:6:on_yellow_road_2	8	static
../Core/Src/global.c:109:6:on_green_road_1	8	static
../Core/Src/global.c:115:6:on_green_road_2	8	static
../Core/Src/global.c:122:6:toggle_red	8	static
../Core/Src/global.c:134:6:toggle_yellow	8	static
../Core/Src/global.c:146:6:toggle_green	8	static
